Component: ARM Compiler 5.06 update 6 (build 750) Tool: armlink [4d35ed]

==============================================================================

Section Cross References

    startup_stm32l052xx.o(RESET) refers to startup_stm32l052xx.o(STACK) for __initial_sp
    startup_stm32l052xx.o(RESET) refers to startup_stm32l052xx.o(.text) for Reset_Handler
    startup_stm32l052xx.o(RESET) refers to stm32l0xx_it.o(i.NMI_Handler) for NMI_Handler
    startup_stm32l052xx.o(RESET) refers to stm32l0xx_it.o(i.HardFault_Handler) for HardFault_Handler
    startup_stm32l052xx.o(RESET) refers to stm32l0xx_it.o(i.SVC_Handler) for SVC_Handler
    startup_stm32l052xx.o(RESET) refers to stm32l0xx_it.o(i.PendSV_Handler) for PendSV_Handler
    startup_stm32l052xx.o(RESET) refers to stm32l0xx_it.o(i.SysTick_Handler) for SysTick_Handler
    startup_stm32l052xx.o(RESET) refers to stm32l0xx_it.o(i.EXTI4_15_IRQHandler) for EXTI4_15_IRQHandler
    startup_stm32l052xx.o(RESET) refers to stm32l0xx_it.o(i.USART2_IRQHandler) for USART2_IRQHandler
    startup_stm32l052xx.o(.text) refers to system_stm32l0xx.o(i.SystemInit) for SystemInit
    startup_stm32l052xx.o(.text) refers to entry.o(.ARM.Collect$$$$00000000) for __main
    cc1101.o(i.CC1101ClrRXBuff) refers to cc1101.o(i.CC1101SetIdle) for CC1101SetIdle
    cc1101.o(i.CC1101ClrRXBuff) refers to cc1101.o(i.CC1101WriteCmd) for CC1101WriteCmd
    cc1101.o(i.CC1101ClrTXBuff) refers to cc1101.o(i.CC1101SetIdle) for CC1101SetIdle
    cc1101.o(i.CC1101ClrTXBuff) refers to cc1101.o(i.CC1101WriteCmd) for CC1101WriteCmd
    cc1101.o(i.CC1101GetRXCnt) refers to cc1101.o(i.CC1101ReadStatus) for CC1101ReadStatus
    cc1101.o(i.CC1101Init) refers to cc1101.o(i.CC1101Reset) for CC1101Reset
    cc1101.o(i.CC1101Init) refers to cc1101.o(i.CC1101WriteReg) for CC1101WriteReg
    cc1101.o(i.CC1101Init) refers to cc1101.o(i.CC1101SetAddress) for CC1101SetAddress
    cc1101.o(i.CC1101Init) refers to cc1101.o(i.CC1101SetSYNC) for CC1101SetSYNC
    cc1101.o(i.CC1101Init) refers to cc1101.o(i.CC1101WriteMultiReg) for CC1101WriteMultiReg
    cc1101.o(i.CC1101Init) refers to cc1101.o(.constdata) for CC1101InitData
    cc1101.o(i.CC1101Init) refers to cc1101.o(.data) for PaTabel
    cc1101.o(i.CC1101ReadMultiReg) refers to stm32l0xx_hal_gpio.o(i.HAL_GPIO_WritePin) for HAL_GPIO_WritePin
    cc1101.o(i.CC1101ReadMultiReg) refers to spi.o(i.SPI_ExchangeByte) for SPI_ExchangeByte
    cc1101.o(i.CC1101ReadRSSI) refers to cc1101.o(i.CC1101ReadStatus) for CC1101ReadStatus
    cc1101.o(i.CC1101ReadReg) refers to stm32l0xx_hal_gpio.o(i.HAL_GPIO_WritePin) for HAL_GPIO_WritePin
    cc1101.o(i.CC1101ReadReg) refers to spi.o(i.SPI_ExchangeByte) for SPI_ExchangeByte
    cc1101.o(i.CC1101ReadStatus) refers to stm32l0xx_hal_gpio.o(i.HAL_GPIO_WritePin) for HAL_GPIO_WritePin
    cc1101.o(i.CC1101ReadStatus) refers to spi.o(i.SPI_ExchangeByte) for SPI_ExchangeByte
    cc1101.o(i.CC1101RecPacket) refers to cc1101.o(i.CC1101GetRXCnt) for CC1101GetRXCnt
    cc1101.o(i.CC1101RecPacket) refers to cc1101.o(i.CC1101ReadReg) for CC1101ReadReg
    cc1101.o(i.CC1101RecPacket) refers to cc1101.o(i.CC1101ReadMultiReg) for CC1101ReadMultiReg
    cc1101.o(i.CC1101RecPacket) refers to cc1101.o(i.CC1101ClrRXBuff) for CC1101ClrRXBuff
    cc1101.o(i.CC1101Reset) refers to stm32l0xx_hal_gpio.o(i.HAL_GPIO_WritePin) for HAL_GPIO_WritePin
    cc1101.o(i.CC1101Reset) refers to cc1101.o(i.CC1101WriteCmd) for CC1101WriteCmd
    cc1101.o(i.CC1101SendPacket) refers to cc1101.o(i.CC1101ReadReg) for CC1101ReadReg
    cc1101.o(i.CC1101SendPacket) refers to cc1101.o(i.CC1101ClrTXBuff) for CC1101ClrTXBuff
    cc1101.o(i.CC1101SendPacket) refers to cc1101.o(i.CC1101WriteReg) for CC1101WriteReg
    cc1101.o(i.CC1101SendPacket) refers to cc1101.o(i.CC1101WriteMultiReg) for CC1101WriteMultiReg
    cc1101.o(i.CC1101SendPacket) refers to cc1101.o(i.CC1101SetTRMode) for CC1101SetTRMode
    cc1101.o(i.CC1101SendPacket) refers to stm32l0xx_hal_gpio.o(i.HAL_GPIO_ReadPin) for HAL_GPIO_ReadPin
    cc1101.o(i.CC1101SendPacket) refers to stm32l0xx_it.o(.data) for TXFIFOUNFLOW
    cc1101.o(i.CC1101SetAddress) refers to cc1101.o(i.CC1101ReadReg) for CC1101ReadReg
    cc1101.o(i.CC1101SetAddress) refers to cc1101.o(i.CC1101WriteReg) for CC1101WriteReg
    cc1101.o(i.CC1101SetIdle) refers to cc1101.o(i.CC1101WriteCmd) for CC1101WriteCmd
    cc1101.o(i.CC1101SetSYNC) refers to cc1101.o(i.CC1101WriteReg) for CC1101WriteReg
    cc1101.o(i.CC1101SetTRMode) refers to cc1101.o(i.CC1101WriteReg) for CC1101WriteReg
    cc1101.o(i.CC1101SetTRMode) refers to cc1101.o(i.CC1101WriteCmd) for CC1101WriteCmd
    cc1101.o(i.CC1101SetWORMode) refers to cc1101.o(i.CC1101WriteReg) for CC1101WriteReg
    cc1101.o(i.CC1101SetWORMode) refers to cc1101.o(i.CC1101WriteCmd) for CC1101WriteCmd
    cc1101.o(i.CC1101WORInit) refers to cc1101.o(i.CC1101WriteReg) for CC1101WriteReg
    cc1101.o(i.CC1101WriteCmd) refers to stm32l0xx_hal_gpio.o(i.HAL_GPIO_WritePin) for HAL_GPIO_WritePin
[...]
    Removing stm32l0xx_hal_i2c.o(i.HAL_I2C_Slave_Seq_Receive_IT), (236 bytes).
    Removing stm32l0xx_hal_i2c.o(i.HAL_I2C_Slave_Seq_Transmit_DMA), (464 bytes).
    Removing stm32l0xx_hal_i2c.o(i.HAL_I2C_Slave_Seq_Transmit_IT), (236 bytes).
    Removing stm32l0xx_hal_i2c.o(i.HAL_I2C_Slave_Transmit), (418 bytes).
    Removing stm32l0xx_hal_i2c.o(i.HAL_I2C_Slave_Transmit_DMA), (284 bytes).
    Removing stm32l0xx_hal_i2c.o(i.HAL_I2C_Slave_Transmit_IT), (116 bytes).
    Removing stm32l0xx_hal_i2c.o(i.I2C_ConvertOtherXferOptions), (30 bytes).
    Removing stm32l0xx_hal_i2c.o(i.I2C_DMAAbort), (46 bytes).
    Removing stm32l0xx_hal_i2c.o(i.I2C_DMAError), (30 bytes).
    Removing stm32l0xx_hal_i2c.o(i.I2C_DMAMasterReceiveCplt), (100 bytes).
    Removing stm32l0xx_hal_i2c.o(i.I2C_DMAMasterTransmitCplt), (100 bytes).
    Removing stm32l0xx_hal_i2c.o(i.I2C_DMASlaveReceiveCplt), (52 bytes).
    Removing stm32l0xx_hal_i2c.o(i.I2C_DMASlaveTransmitCplt), (42 bytes).
    Removing stm32l0xx_hal_i2c.o(i.I2C_Disable_IRQ), (122 bytes).
    Removing stm32l0xx_hal_i2c.o(i.I2C_Enable_IRQ), (140 bytes).
    Removing stm32l0xx_hal_i2c.o(i.I2C_Flush_TXDR), (50 bytes).
    Removing stm32l0xx_hal_i2c.o(i.I2C_ITAddrCplt), (204 bytes).
    Removing stm32l0xx_hal_i2c.o(i.I2C_ITError), (284 bytes).
    Removing stm32l0xx_hal_i2c.o(i.I2C_ITListenCplt), (124 bytes).
    Removing stm32l0xx_hal_i2c.o(i.I2C_ITMasterCplt), (236 bytes).
    Removing stm32l0xx_hal_i2c.o(i.I2C_ITMasterSeqCplt), (98 bytes).
    Removing stm32l0xx_hal_i2c.o(i.I2C_ITSlaveCplt), (328 bytes).
    Removing stm32l0xx_hal_i2c.o(i.I2C_ITSlaveSeqCplt), (98 bytes).
    Removing stm32l0xx_hal_i2c.o(i.I2C_IsAcknowledgeFailed), (160 bytes).
    Removing stm32l0xx_hal_i2c.o(i.I2C_Master_ISR_DMA), (392 bytes).
    Removing stm32l0xx_hal_i2c.o(i.I2C_Master_ISR_IT), (460 bytes).
    Removing stm32l0xx_hal_i2c.o(i.I2C_RequestMemoryRead), (128 bytes).
    Removing stm32l0xx_hal_i2c.o(i.I2C_RequestMemoryWrite), (128 bytes).
    Removing stm32l0xx_hal_i2c.o(i.I2C_Slave_ISR_DMA), (332 bytes).
    Removing stm32l0xx_hal_i2c.o(i.I2C_Slave_ISR_IT), (388 bytes).
    Removing stm32l0xx_hal_i2c.o(i.I2C_TransferConfig), (56 bytes).
    Removing stm32l0xx_hal_i2c.o(i.I2C_WaitOnFlagUntilTimeout), (88 bytes).
    Removing stm32l0xx_hal_i2c.o(i.I2C_WaitOnRXNEFlagUntilTimeout), (176 bytes).
    Removing stm32l0xx_hal_i2c.o(i.I2C_WaitOnSTOPFlagUntilTimeout), (90 bytes).
    Removing stm32l0xx_hal_i2c.o(i.I2C_WaitOnTXISFlagUntilTimeout), (96 bytes).
    Removing stm32l0xx_hal_i2c_ex.o(.rev16_text), (4 bytes).
    Removing stm32l0xx_hal_i2c_ex.o(.revsh_text), (4 bytes).
    Removing stm32l0xx_hal_i2c_ex.o(i.HAL_I2CEx_ConfigAnalogFilter), (110 bytes).
    Removing stm32l0xx_hal_i2c_ex.o(i.HAL_I2CEx_ConfigDigitalFilter), (112 bytes).
    Removing stm32l0xx_hal_i2c_ex.o(i.HAL_I2CEx_DisableFastModePlus), (32 bytes).
    Removing stm32l0xx_hal_i2c_ex.o(i.HAL_I2CEx_DisableWakeUp), (100 bytes).
    Removing stm32l0xx_hal_i2c_ex.o(i.HAL_I2CEx_EnableFastModePlus), (32 bytes).
    Removing stm32l0xx_hal_i2c_ex.o(i.HAL_I2CEx_EnableWakeUp), (100 bytes).
    Removing stm32l0xx_hal_rcc.o(.rev16_text), (4 bytes).
    Removing stm32l0xx_hal_rcc.o(.revsh_text), (4 bytes).
    Removing stm32l0xx_hal_rcc.o(i.HAL_RCC_CSSCallback), (2 bytes).
    Removing stm32l0xx_hal_rcc.o(i.HAL_RCC_DeInit), (272 bytes).
    Removing stm32l0xx_hal_rcc.o(i.HAL_RCC_EnableCSS), (20 bytes).
    Removing stm32l0xx_hal_rcc.o(i.HAL_RCC_GetClockConfig), (68 bytes).
    Removing stm32l0xx_hal_rcc.o(i.HAL_RCC_GetHCLKFreq), (12 bytes).
    Removing stm32l0xx_hal_rcc.o(i.HAL_RCC_GetOscConfig), (284 bytes).
    Removing stm32l0xx_hal_rcc.o(i.HAL_RCC_GetPCLK1Freq), (36 bytes).
    Removing stm32l0xx_hal_rcc.o(i.HAL_RCC_GetPCLK2Freq), (36 bytes).
    Removing stm32l0xx_hal_rcc.o(i.HAL_RCC_MCOConfig), (160 bytes).
    Removing stm32l0xx_hal_rcc.o(i.HAL_RCC_NMI_IRQHandler), (36 bytes).
    Removing stm32l0xx_hal_rcc_ex.o(.rev16_text), (4 bytes).
    Removing stm32l0xx_hal_rcc_ex.o(.revsh_text), (4 bytes).
    Removing stm32l0xx_hal_rcc_ex.o(i.HAL_RCCEx_CRSConfig), (92 bytes).
    Removing stm32l0xx_hal_rcc_ex.o(i.HAL_RCCEx_CRSGetSynchronizationInfo), (48 bytes).
    Removing stm32l0xx_hal_rcc_ex.o(i.HAL_RCCEx_CRSSoftwareSynchronizationGenerate), (20 bytes).
    Removing stm32l0xx_hal_rcc_ex.o(i.HAL_RCCEx_CRSWaitSynchronization), (204 bytes).
    Removing stm32l0xx_hal_rcc_ex.o(i.HAL_RCCEx_CRS_ErrorCallback), (2 bytes).
    Removing stm32l0xx_hal_rcc_ex.o(i.HAL_RCCEx_CRS_ExpectedSyncCallback), (2 bytes).
    Removing stm32l0xx_hal_rcc_ex.o(i.HAL_RCCEx_CRS_IRQHandler), (172 bytes).
    Removing stm32l0xx_hal_rcc_ex.o(i.HAL_RCCEx_CRS_SyncOkCallback), (2 bytes).
    Removing stm32l0xx_hal_rcc_ex.o(i.HAL_RCCEx_CRS_SyncWarnCallback), (2 bytes).
    Removing stm32l0xx_hal_rcc_ex.o(i.HAL_RCCEx_DisableHSI48_VREFINT), (20 bytes).
    Removing stm32l0xx_hal_rcc_ex.o(i.HAL_RCCEx_DisableLSECSS), (36 bytes).
    Removing stm32l0xx_hal_rcc_ex.o(i.HAL_RCCEx_EnableHSI48_VREFINT), (20 bytes).
    Removing stm32l0xx_hal_rcc_ex.o(i.HAL_RCCEx_EnableLSECSS), (20 bytes).
    Removing stm32l0xx_hal_rcc_ex.o(i.HAL_RCCEx_EnableLSECSS_IT), (68 bytes).
    Removing stm32l0xx_hal_rcc_ex.o(i.HAL_RCCEx_GetPeriphCLKConfig), (136 bytes).
    Removing stm32l0xx_hal_rcc_ex.o(i.HAL_RCCEx_GetPeriphCLKFreq), (868 bytes).
    Removing stm32l0xx_hal_rcc_ex.o(i.HAL_RCCEx_LSECSS_Callback), (2 bytes).
    Removing stm32l0xx_hal_rcc_ex.o(i.HAL_RCCEx_LSECSS_IRQHandler), (32 bytes).
    Removing stm32l0xx_hal_flash_ramfunc.o(.rev16_text), (4 bytes).
    Removing stm32l0xx_hal_flash_ramfunc.o(.revsh_text), (4 bytes).
    Removing stm32l0xx_hal_flash_ramfunc.o(i.FLASHRAM_SetErrorCode), (240 bytes).
    Removing stm32l0xx_hal_flash_ramfunc.o(i.FLASHRAM_WaitForLastOperation), (152 bytes).
    Removing stm32l0xx_hal_flash_ramfunc.o(i.HAL_FLASHEx_DisableRunPowerDown), (44 bytes).
    Removing stm32l0xx_hal_flash_ramfunc.o(i.HAL_FLASHEx_EnableRunPowerDown), (44 bytes).
    Removing stm32l0xx_hal_flash_ramfunc.o(i.HAL_FLASHEx_GetError), (16 bytes).
    Removing stm32l0xx_hal_flash_ramfunc.o(i.HAL_FLASHEx_HalfPageProgram), (112 bytes).
    Removing stm32l0xx_hal_flash.o(.rev16_text), (4 bytes).
    Removing stm32l0xx_hal_flash.o(.revsh_text), (4 bytes).
    Removing stm32l0xx_hal_flash.o(i.HAL_FLASH_EndOfOperationCallback), (2 bytes).
    Removing stm32l0xx_hal_flash.o(i.HAL_FLASH_GetError), (12 bytes).
    Removing stm32l0xx_hal_flash.o(i.HAL_FLASH_IRQHandler), (336 bytes).
    Removing stm32l0xx_hal_flash.o(i.HAL_FLASH_Lock), (32 bytes).
    Removing stm32l0xx_hal_flash.o(i.HAL_FLASH_OB_Launch), (32 bytes).
    Removing stm32l0xx_hal_flash.o(i.HAL_FLASH_OB_Lock), (20 bytes).
    Removing stm32l0xx_hal_flash.o(i.HAL_FLASH_OB_Unlock), (92 bytes).
    Removing stm32l0xx_hal_flash.o(i.HAL_FLASH_OperationErrorCallback), (2 bytes).
    Removing stm32l0xx_hal_flash.o(i.HAL_FLASH_Program), (80 bytes).
    Removing stm32l0xx_hal_flash.o(i.HAL_FLASH_Program_IT), (76 bytes).
    Removing stm32l0xx_hal_flash.o(i.HAL_FLASH_Unlock), (140 bytes).
    Removing stm32l0xx_hal_flash_ex.o(.rev16_text), (4 bytes).
    Removing stm32l0xx_hal_flash_ex.o(.revsh_text), (4 bytes).
    Removing stm32l0xx_hal_flash_ex.o(i.FLASH_OB_BOOTBit1Config), (84 bytes).
    Removing stm32l0xx_hal_flash_ex.o(i.FLASH_OB_BORConfig), (84 bytes).
    Removing stm32l0xx_hal_flash_ex.o(i.FLASH_OB_GetBOOTBit1), (12 bytes).
    Removing stm32l0xx_hal_flash_ex.o(i.FLASH_OB_GetBOR), (20 bytes).
    Removing stm32l0xx_hal_flash_ex.o(i.FLASH_OB_GetRDP), (28 bytes).
    Removing stm32l0xx_hal_flash_ex.o(i.FLASH_OB_GetUser), (20 bytes).
    Removing stm32l0xx_hal_flash_ex.o(i.FLASH_OB_GetWRP), (12 bytes).
    Removing stm32l0xx_hal_flash_ex.o(i.FLASH_OB_ProtectedSectorsConfig), (112 bytes).
    Removing stm32l0xx_hal_flash_ex.o(i.FLASH_OB_RDPConfig), (96 bytes).
    Removing stm32l0xx_hal_flash_ex.o(i.FLASH_OB_UserConfig), (104 bytes).
    Removing stm32l0xx_hal_flash_ex.o(i.FLASH_PageErase), (52 bytes).
    Removing stm32l0xx_hal_flash_ex.o(i.HAL_FLASHEx_AdvOBGetConfig), (36 bytes).
    Removing stm32l0xx_hal_flash_ex.o(i.HAL_FLASHEx_AdvOBProgram), (28 bytes).
    Removing stm32l0xx_hal_flash_ex.o(i.HAL_FLASHEx_Erase), (140 bytes).
    Removing stm32l0xx_hal_flash_ex.o(i.HAL_FLASHEx_Erase_IT), (116 bytes).
    Removing stm32l0xx_hal_flash_ex.o(i.HAL_FLASHEx_OBGetConfig), (40 bytes).
    Removing stm32l0xx_hal_flash_ex.o(i.HAL_FLASHEx_OBProgram), (232 bytes).
    Removing stm32l0xx_hal_flash_ex.o(i.HAL_FLASHEx_OB_DeSelectPCROP), (80 bytes).
    Removing stm32l0xx_hal_flash_ex.o(i.HAL_FLASHEx_OB_SelectPCROP), (88 bytes).
    Removing stm32l0xx_hal_gpio.o(.rev16_text), (4 bytes).
    Removing stm32l0xx_hal_gpio.o(.revsh_text), (4 bytes).
    Removing stm32l0xx_hal_gpio.o(i.HAL_GPIO_DeInit), (280 bytes).
    Removing stm32l0xx_hal_gpio.o(i.HAL_GPIO_EXTI_Callback), (2 bytes).
    Removing stm32l0xx_hal_gpio.o(i.HAL_GPIO_EXTI_IRQHandler), (32 bytes).
    Removing stm32l0xx_hal_gpio.o(i.HAL_GPIO_Init), (492 bytes).
    Removing stm32l0xx_hal_gpio.o(i.HAL_GPIO_LockPin), (50 bytes).
    Removing stm32l0xx_hal_gpio.o(i.HAL_GPIO_TogglePin), (8 bytes).
    Removing stm32l0xx_hal_dma.o(.rev16_text), (4 bytes).
    Removing stm32l0xx_hal_dma.o(.revsh_text), (4 bytes).
    Removing stm32l0xx_hal_dma.o(i.DMA_SetConfig), (46 bytes).
    Removing stm32l0xx_hal_dma.o(i.HAL_DMA_Abort), (88 bytes).
    Removing stm32l0xx_hal_dma.o(i.HAL_DMA_Abort_IT), (92 bytes).
    Removing stm32l0xx_hal_dma.o(i.HAL_DMA_DeInit), (124 bytes).
    Removing stm32l0xx_hal_dma.o(i.HAL_DMA_GetError), (6 bytes).
    Removing stm32l0xx_hal_dma.o(i.HAL_DMA_GetState), (8 bytes).
    Removing stm32l0xx_hal_dma.o(i.HAL_DMA_IRQHandler), (264 bytes).
    Removing stm32l0xx_hal_dma.o(i.HAL_DMA_Init), (168 bytes).
    Removing stm32l0xx_hal_dma.o(i.HAL_DMA_PollForTransfer), (256 bytes).
    Removing stm32l0xx_hal_dma.o(i.HAL_DMA_RegisterCallback), (92 bytes).
    Removing stm32l0xx_hal_dma.o(i.HAL_DMA_Start), (110 bytes).
    Removing stm32l0xx_hal_dma.o(i.HAL_DMA_Start_IT), (154 bytes).
    Removing stm32l0xx_hal_dma.o(i.HAL_DMA_UnRegisterCallback), (108 bytes).
    Removing stm32l0xx_hal_pwr.o(.rev16_text), (4 bytes).
    Removing stm32l0xx_hal_pwr.o(.revsh_text), (4 bytes).
    Removing stm32l0xx_hal_pwr.o(i.HAL_PWR_ConfigPVD), (176 bytes).
    Removing stm32l0xx_hal_pwr.o(i.HAL_PWR_DeInit), (32 bytes).
    Removing stm32l0xx_hal_pwr.o(i.HAL_PWR_DisableBkUpAccess), (20 bytes).
    Removing stm32l0xx_hal_pwr.o(i.HAL_PWR_DisablePVD), (20 bytes).
    Removing stm32l0xx_hal_pwr.o(i.HAL_PWR_DisableSEVOnPend), (20 bytes).
    Removing stm32l0xx_hal_pwr.o(i.HAL_PWR_DisableSleepOnExit), (20 bytes).
    Removing stm32l0xx_hal_pwr.o(i.HAL_PWR_DisableWakeUpPin), (16 bytes).
    Removing stm32l0xx_hal_pwr.o(i.HAL_PWR_EnableBkUpAccess), (20 bytes).
    Removing stm32l0xx_hal_pwr.o(i.HAL_PWR_EnablePVD), (20 bytes).
    Removing stm32l0xx_hal_pwr.o(i.HAL_PWR_EnableSEVOnPend), (20 bytes).
    Removing stm32l0xx_hal_pwr.o(i.HAL_PWR_EnableSleepOnExit), (20 bytes).
    Removing stm32l0xx_hal_pwr.o(i.HAL_PWR_EnableWakeUpPin), (16 bytes).
    Removing stm32l0xx_hal_pwr.o(i.HAL_PWR_EnterSLEEPMode), (64 bytes).
    Removing stm32l0xx_hal_pwr.o(i.HAL_PWR_EnterSTANDBYMode), (40 bytes).
    Removing stm32l0xx_hal_pwr.o(i.HAL_PWR_EnterSTOPMode), (72 bytes).
    Removing stm32l0xx_hal_pwr.o(i.HAL_PWR_PVDCallback), (2 bytes).
    Removing stm32l0xx_hal_pwr.o(i.HAL_PWR_PVD_IRQHandler), (36 bytes).
    Removing stm32l0xx_hal_pwr_ex.o(.rev16_text), (4 bytes).
    Removing stm32l0xx_hal_pwr_ex.o(.revsh_text), (4 bytes).
    Removing stm32l0xx_hal_pwr_ex.o(i.HAL_PWREx_DisableFastWakeUp), (20 bytes).
    Removing stm32l0xx_hal_pwr_ex.o(i.HAL_PWREx_DisableLowPowerRunMode), (96 bytes).
    Removing stm32l0xx_hal_pwr_ex.o(i.HAL_PWREx_DisableUltraLowPower), (20 bytes).
    Removing stm32l0xx_hal_pwr_ex.o(i.HAL_PWREx_EnableFastWakeUp), (20 bytes).
    Removing stm32l0xx_hal_pwr_ex.o(i.HAL_PWREx_EnableLowPowerRunMode), (32 bytes).
    Removing stm32l0xx_hal_pwr_ex.o(i.HAL_PWREx_EnableUltraLowPower), (20 bytes).
    Removing stm32l0xx_hal_pwr_ex.o(i.HAL_PWREx_GetVoltageRange), (16 bytes).
    Removing stm32l0xx_hal_cortex.o(.rev16_text), (4 bytes).
    Removing stm32l0xx_hal_cortex.o(.revsh_text), (4 bytes).
    Removing stm32l0xx_hal_cortex.o(i.HAL_MPU_ConfigRegion), (84 bytes).
    Removing stm32l0xx_hal_cortex.o(i.HAL_MPU_Disable), (28 bytes).
    Removing stm32l0xx_hal_cortex.o(i.HAL_MPU_Enable), (48 bytes).
    Removing stm32l0xx_hal_cortex.o(i.HAL_NVIC_ClearPendingIRQ), (24 bytes).
    Removing stm32l0xx_hal_cortex.o(i.HAL_NVIC_DisableIRQ), (24 bytes).
    Removing stm32l0xx_hal_cortex.o(i.HAL_NVIC_EnableIRQ), (24 bytes).
    Removing stm32l0xx_hal_cortex.o(i.HAL_NVIC_GetPendingIRQ), (40 bytes).
    Removing stm32l0xx_hal_cortex.o(i.HAL_NVIC_GetPriority), (72 bytes).
    Removing stm32l0xx_hal_cortex.o(i.HAL_NVIC_SetPendingIRQ), (24 bytes).
    Removing stm32l0xx_hal_cortex.o(i.HAL_NVIC_SystemReset), (56 bytes).
    Removing stm32l0xx_hal_cortex.o(i.HAL_SYSTICK_CLKSourceConfig), (36 bytes).
    Removing stm32l0xx_hal_cortex.o(i.HAL_SYSTICK_Callback), (2 bytes).
    Removing stm32l0xx_hal_cortex.o(i.HAL_SYSTICK_IRQHandler), (8 bytes).
    Removing stm32l0xx_ll_rcc.o(.rev16_text), (4 bytes).
    Removing stm32l0xx_ll_rcc.o(.revsh_text), (4 bytes).
    Removing stm32l0xx_ll_rcc.o(i.LL_RCC_DeInit), (232 bytes).
    Removing stm32l0xx_ll_rcc.o(i.LL_RCC_GetI2CClockFreq), (124 bytes).
    Removing stm32l0xx_ll_rcc.o(i.LL_RCC_GetLPTIMClockFreq), (148 bytes).
    Removing stm32l0xx_ll_rcc.o(i.LL_RCC_GetLPUARTClockFreq), (124 bytes).
    Removing stm32l0xx_ll_rcc.o(i.LL_RCC_GetSystemClocksFreq), (36 bytes).
    Removing stm32l0xx_ll_rcc.o(i.LL_RCC_GetUSBClockFreq), (84 bytes).
    Removing stm32l0xx_ll_rcc.o(i.LL_RCC_PLL_IsReady), (20 bytes).
    Removing stm32l0xx_ll_utils.o(.rev16_text), (4 bytes).
    Removing stm32l0xx_ll_utils.o(.revsh_text), (4 bytes).
    Removing stm32l0xx_ll_utils.o(i.LL_Init1msTick), (40 bytes).
    Removing stm32l0xx_ll_utils.o(i.LL_PLL_ConfigSystemClock_HSE), (148 bytes).
    Removing stm32l0xx_ll_utils.o(i.LL_PLL_ConfigSystemClock_HSI), (100 bytes).
    Removing stm32l0xx_ll_utils.o(i.LL_PWR_GetRegulVoltageScaling), (16 bytes).
    Removing stm32l0xx_ll_utils.o(i.LL_RCC_HSE_IsReady), (20 bytes).
    Removing stm32l0xx_ll_utils.o(i.LL_RCC_HSI_IsReady), (16 bytes).
    Removing stm32l0xx_ll_utils.o(i.LL_RCC_PLL_ConfigDomain_SYS), (32 bytes).
    Removing stm32l0xx_ll_utils.o(i.LL_RCC_PLL_IsReady), (20 bytes).
    Removing stm32l0xx_ll_utils.o(i.LL_SetSystemCoreClock), (12 bytes).
    Removing stm32l0xx_ll_utils.o(i.LL_mDelay), (48 bytes).
    Removing stm32l0xx_ll_utils.o(i.UTILS_EnablePLLAndSwitchSystem), (208 bytes).
    Removing stm32l0xx_ll_utils.o(i.UTILS_GetPLLOutputFrequency), (44 bytes).
    Removing stm32l0xx_ll_utils.o(i.UTILS_PLL_IsBusy), (18 bytes).
    Removing stm32l0xx_ll_utils.o(i.UTILS_SetFlashLatency), (124 bytes).
    Removing stm32l0xx_ll_exti.o(.rev16_text), (4 bytes).
    Removing stm32l0xx_ll_exti.o(.revsh_text), (4 bytes).
    Removing stm32l0xx_ll_exti.o(i.LL_EXTI_DeInit), (36 bytes).
    Removing stm32l0xx_ll_exti.o(i.LL_EXTI_StructInit), (14 bytes).
    Removing stm32l0xx_ll_spi.o(.rev16_text), (4 bytes).
    Removing stm32l0xx_ll_spi.o(.revsh_text), (4 bytes).
    Removing stm32l0xx_ll_spi.o(i.LL_I2S_ConfigPrescaler), (18 bytes).
    Removing stm32l0xx_ll_spi.o(i.LL_I2S_DeInit), (12 bytes).
    Removing stm32l0xx_ll_spi.o(i.LL_I2S_Init), (212 bytes).
    Removing stm32l0xx_ll_spi.o(i.LL_I2S_StructInit), (20 bytes).
    Removing stm32l0xx_ll_spi.o(i.LL_SPI_DeInit), (92 bytes).
    Removing stm32l0xx_ll_spi.o(i.LL_SPI_StructInit), (26 bytes).
    Removing stm32l0xx_ll_dma.o(.rev16_text), (4 bytes).
    Removing stm32l0xx_ll_dma.o(.revsh_text), (4 bytes).
    Removing stm32l0xx_ll_dma.o(i.LL_DMA_DeInit), (320 bytes).
    Removing stm32l0xx_ll_dma.o(i.LL_DMA_Init), (136 bytes).
    Removing stm32l0xx_ll_dma.o(i.LL_DMA_SetPeriphRequest), (32 bytes).
    Removing stm32l0xx_ll_dma.o(i.LL_DMA_StructInit), (26 bytes).
    Removing stm32l0xx_ll_dma.o(.constdata), (7 bytes).
    Removing stm32l0xx_hal_tim.o(.rev16_text), (4 bytes).
    Removing stm32l0xx_hal_tim.o(.revsh_text), (4 bytes).
    Removing stm32l0xx_hal_tim_ex.o(.rev16_text), (4 bytes).
    Removing stm32l0xx_hal_tim_ex.o(.revsh_text), (4 bytes).
    Removing stm32l0xx_ll_usart.o(.rev16_text), (4 bytes).
    Removing stm32l0xx_ll_usart.o(.revsh_text), (4 bytes).
    Removing stm32l0xx_ll_usart.o(i.LL_USART_ClockInit), (76 bytes).
    Removing stm32l0xx_ll_usart.o(i.LL_USART_ClockStructInit), (12 bytes).
    Removing stm32l0xx_ll_usart.o(i.LL_USART_StructInit), (26 bytes).
    Removing system_stm32l0xx.o(.rev16_text), (4 bytes).
    Removing system_stm32l0xx.o(.revsh_text), (4 bytes).
    Removing system_stm32l0xx.o(i.SystemCoreClockUpdate), (276 bytes).
    Removing dadd.o(.text), (356 bytes).
    Removing dmul.o(.text), (208 bytes).
    Removing ddiv.o(.text), (240 bytes).
    Removing dfixul.o(.text), (64 bytes).
    Removing cdrcmple.o(.text), (40 bytes).
    Removing depilogue.o(.text), (190 bytes).
    Removing depilogue.o(i.__ARM_clz), (46 bytes).

355 unused section(s) (total 29421 bytes) removed from the image.

==============================================================================

Image Symbol Table

    Local Symbols

    Symbol Name                              Value     Ov Type        Size  Object(Section)

    ../Core/Src/gpio.c                       0x00000000   Number         0  gpio.o ABSOLUTE
    ../Core/Src/iwdg.c                       0x00000000   Number         0  iwdg.o ABSOLUTE
    ../Core/Src/main.c                       0x00000000   Number         0  main.o ABSOLUTE
    ../Core/Src/spi.c                        0x00000000   Number         0  spi.o ABSOLUTE
    ../Core/Src/stm32l0xx_hal_msp.c          0x00000000   Number         0  stm32l0xx_hal_msp.o ABSOLUTE
    ../Core/Src/stm32l0xx_it.c               0x00000000   Number         0  stm32l0xx_it.o ABSOLUTE
    ../Core/Src/system_stm32l0xx.c           0x00000000   Number         0  system_stm32l0xx.o ABSOLUTE
    ../Core/Src/usart.c                      0x00000000   Number         0  usart.o ABSOLUTE
    ../Drivers/STM32L0xx_HAL_Driver/Src/stm32l0xx_hal.c 0x00000000   Number         0  stm32l0xx_hal.o ABSOLUTE
    ../Drivers/STM32L0xx_HAL_Driver/Src/stm32l0xx_hal_cortex.c 0x00000000   Number         0  stm32l0xx_hal_cortex.o ABSOLUTE
    ../Drivers/STM32L0xx_HAL_Driver/Src/stm32l0xx_hal_dma.c 0x00000000   Number         0  stm32l0xx_hal_dma.o ABSOLUTE
    ../Drivers/STM32L0xx_HAL_Driver/Src/stm32l0xx_hal_flash.c 0x00000000   Number         0  stm32l0xx_hal_flash.o ABSOLUTE
    ../Drivers/STM32L0xx_HAL_Driver/Src/stm32l0xx_hal_flash_ex.c 0x00000000   Number         0  stm32l0xx_hal_flash_ex.o ABSOLUTE
    ../Drivers/STM32L0xx_HAL_Driver/Src/stm32l0xx_hal_flash_ramfunc.c 0x00000000   Number         0  stm32l0xx_hal_flash_ramfunc.o ABSOLUTE
    ../Drivers/STM32L0xx_HAL_Driver/Src/stm32l0xx_hal_gpio.c 0x00000000   Number         0  stm32l0xx_hal_gpio.o ABSOLUTE
    ../Drivers/STM32L0xx_HAL_Driver/Src/stm32l0xx_hal_i2c.c 0x00000000   Number         0  stm32l0xx_hal_i2c.o ABSOLUTE
    ../Drivers/STM32L0xx_HAL_Driver/Src/stm32l0xx_hal_i2c_ex.c 0x00000000   Number         0  stm32l0xx_hal_i2c_ex.o ABSOLUTE
    ../Drivers/STM32L0xx_HAL_Driver/Src/stm32l0xx_hal_pwr.c 0x00000000   Number         0  stm32l0xx_hal_pwr.o ABSOLUTE
    ../Drivers/STM32L0xx_HAL_Driver/Src/stm32l0xx_hal_pwr_ex.c 0x00000000   Number         0  stm32l0xx_hal_pwr_ex.o ABSOLUTE
    ../Drivers/STM32L0xx_HAL_Driver/Src/stm32l0xx_hal_rcc.c 0x00000000   Number         0  stm32l0xx_hal_rcc.o ABSOLUTE
    ../Drivers/STM32L0xx_HAL_Driver/Src/stm32l0xx_hal_rcc_ex.c 0x00000000   Number         0  stm32l0xx_hal_rcc_ex.o ABSOLUTE
    ../Drivers/STM32L0xx_HAL_Driver/Src/stm32l0xx_hal_tim.c 0x00000000   Number         0  stm32l0xx_hal_tim.o ABSOLUTE
    ../Drivers/STM32L0xx_HAL_Driver/Src/stm32l0xx_hal_tim_ex.c 0x00000000   Number         0  stm32l0xx_hal_tim_ex.o ABSOLUTE
    ../Drivers/STM32L0xx_HAL_Driver/Src/stm32l0xx_ll_dma.c 0x00000000   Number         0  stm32l0xx_ll_dma.o ABSOLUTE
    ../Drivers/STM32L0xx_HAL_Driver/Src/stm32l0xx_ll_exti.c 0x00000000   Number         0  stm32l0xx_ll_exti.o ABSOLUTE
    ../Drivers/STM32L0xx_HAL_Driver/Src/stm32l0xx_ll_gpio.c 0x00000000   Number         0  stm32l0xx_ll_gpio.o ABSOLUTE
    ../Drivers/STM32L0xx_HAL_Driver/Src/stm32l0xx_ll_rcc.c 0x00000000   Number         0  stm32l0xx_ll_rcc.o ABSOLUTE
    ../Drivers/STM32L0xx_HAL_Driver/Src/stm32l0xx_ll_spi.c 0x00000000   Number         0  stm32l0xx_ll_spi.o ABSOLUTE
    ../Drivers/STM32L0xx_HAL_Driver/Src/stm32l0xx_ll_usart.c 0x00000000   Number         0  stm32l0xx_ll_usart.o ABSOLUTE
    ../Drivers/STM32L0xx_HAL_Driver/Src/stm32l0xx_ll_utils.c 0x00000000   Number         0  stm32l0xx_ll_utils.o ABSOLUTE
    ../clib/microlib/division.c              0x00000000   Number         0  uidiv.o ABSOLUTE
    ../clib/microlib/division.c              0x00000000   Number         0  uldiv.o ABSOLUTE
    ../clib/microlib/init/entry.s            0x00000000   Number         0  entry10b.o ABSOLUTE
    ../clib/microlib/init/entry.s            0x00000000   Number         0  entry11a.o ABSOLUTE
    ../clib/microlib/init/entry.s            0x00000000   Number         0  entry8b.o ABSOLUTE
    ../clib/microlib/init/entry.s            0x00000000   Number         0  entry11b.o ABSOLUTE
    ../clib/microlib/init/entry.s            0x00000000   Number         0  entry7a.o ABSOLUTE
    ../clib/microlib/init/entry.s            0x00000000   Number         0  entry2.o ABSOLUTE
    ../clib/microlib/init/entry.s            0x00000000   Number         0  entry5.o ABSOLUTE
    ../clib/microlib/init/entry.s            0x00000000   Number         0  entry7b.o ABSOLUTE
    ../clib/microlib/init/entry.s            0x00000000   Number         0  entry.o ABSOLUTE
    ../clib/microlib/init/entry.s            0x00000000   Number         0  entry8a.o ABSOLUTE
    ../clib/microlib/init/entry.s            0x00000000   Number         0  entry10a.o ABSOLUTE
    ../clib/microlib/init/entry.s            0x00000000   Number         0  entry9a.o ABSOLUTE
    ../clib/microlib/init/entry.s            0x00000000   Number         0  entry9b.o ABSOLUTE
    ../clib/microlib/longlong.c              0x00000000   Number         0  llsshr.o ABSOLUTE
    ../clib/microlib/longlong.c              0x00000000   Number         0  llushr.o ABSOLUTE
    ../clib/microlib/longlong.c              0x00000000   Number         0  llshl.o ABSOLUTE
    ../clib/microlib/printf/printf.c         0x00000000   Number         0  printf8.o ABSOLUTE
    ../clib/microlib/printf/printf.c         0x00000000   Number         0  printf1.o ABSOLUTE
    ../clib/microlib/printf/printf.c         0x00000000   Number         0  printfb.o ABSOLUTE
    ../clib/microlib/printf/printf.c         0x00000000   Number         0  printf4.o ABSOLUTE
    ../clib/microlib/printf/printf.c         0x00000000   Number         0  printf3.o ABSOLUTE
    ../clib/microlib/printf/printf.c         0x00000000   Number         0  printfa.o ABSOLUTE
    ../clib/microlib/printf/printf.c         0x00000000   Number         0  printf2.o ABSOLUTE
    ../clib/microlib/printf/printf.c         0x00000000   Number         0  printf6.o ABSOLUTE
    ../clib/microlib/printf/printf.c         0x00000000   Number         0  printf5.o ABSOLUTE
    ../clib/microlib/printf/printf.c         0x00000000   Number         0  printf7.o ABSOLUTE
    ../clib/microlib/printf/printf.c         0x00000000   Number         0  printf0.o ABSOLUTE
    ../clib/microlib/printf/stubs.s          0x00000000   Number         0  stubs.o ABSOLUTE
    ../clib/microlib/stdio/streams.c         0x00000000   Number         0  stdout.o ABSOLUTE
    ../clib/microlib/string/memset.c         0x00000000   Number         0  memseta.o ABSOLUTE
    ../clib/microlib/stubs.s                 0x00000000   Number         0  iusefp.o ABSOLUTE
    ../fplib/microlib/fpadd.c                0x00000000   Number         0  dadd.o ABSOLUTE
    ../fplib/microlib/fpdiv.c                0x00000000   Number         0  ddiv.o ABSOLUTE
    ../fplib/microlib/fpepilogue.c           0x00000000   Number         0  depilogue.o ABSOLUTE
    ../fplib/microlib/fpfix.c                0x00000000   Number         0  dfixul.o ABSOLUTE
    ../fplib/microlib/fpmul.c                0x00000000   Number         0  dmul.o ABSOLUTE
    ..\Core\Src\adxl362.c                    0x00000000   Number         0  adxl362.o ABSOLUTE
    ..\Core\Src\cc1101.c                     0x00000000   Number         0  cc1101.o ABSOLUTE
    ..\Core\Src\gpio.c                       0x00000000   Number         0  gpio.o ABSOLUTE
    ..\Core\Src\iwdg.c                       0x00000000   Number         0  iwdg.o ABSOLUTE
    ..\Core\Src\main.c                       0x00000000   Number         0  main.o ABSOLUTE
    ..\Core\Src\spi.c                        0x00000000   Number         0  spi.o ABSOLUTE
    ..\Core\Src\stm32l0xx_hal_msp.c          0x00000000   Number         0  stm32l0xx_hal_msp.o ABSOLUTE
    ..\Core\Src\stm32l0xx_it.c               0x00000000   Number         0  stm32l0xx_it.o ABSOLUTE
    ..\Core\Src\system_stm32l0xx.c           0x00000000   Number         0  system_stm32l0xx.o ABSOLUTE
    ..\Core\Src\usart.c                      0x00000000   Number         0  usart.o ABSOLUTE
    ..\Drivers\STM32L0xx_HAL_Driver\Src\stm32l0xx_hal.c 0x00000000   Number         0  stm32l0xx_hal.o ABSOLUTE
    ..\Drivers\STM32L0xx_HAL_Driver\Src\stm32l0xx_hal_cortex.c 0x00000000   Number         0  stm32l0xx_hal_cortex.o ABSOLUTE
    ..\Drivers\STM32L0xx_HAL_Driver\Src\stm32l0xx_hal_dma.c 0x00000000   Number         0  stm32l0xx_hal_dma.o ABSOLUTE
    ..\Drivers\STM32L0xx_HAL_Driver\Src\stm32l0xx_hal_flash.c 0x00000000   Number         0  stm32l0xx_hal_flash.o ABSOLUTE
    ..\Drivers\STM32L0xx_HAL_Driver\Src\stm32l0xx_hal_flash_ex.c 0x00000000   Number         0  stm32l0xx_hal_flash_ex.o ABSOLUTE
    ..\Drivers\STM32L0xx_HAL_Driver\Src\stm32l0xx_hal_flash_ramfunc.c 0x00000000   Number         0  stm32l0xx_hal_flash_ramfunc.o ABSOLUTE
    ..\Drivers\STM32L0xx_HAL_Driver\Src\stm32l0xx_hal_gpio.c 0x00000000   Number         0  stm32l0xx_hal_gpio.o ABSOLUTE
    ..\Drivers\STM32L0xx_HAL_Driver\Src\stm32l0xx_hal_i2c.c 0x00000000   Number         0  stm32l0xx_hal_i2c.o ABSOLUTE
    ..\Drivers\STM32L0xx_HAL_Driver\Src\stm32l0xx_hal_i2c_ex.c 0x00000000   Number         0  stm32l0xx_hal_i2c_ex.o ABSOLUTE
    ..\Drivers\STM32L0xx_HAL_Driver\Src\stm32l0xx_hal_pwr.c 0x00000000   Number         0  stm32l0xx_hal_pwr.o ABSOLUTE
    ..\Drivers\STM32L0xx_HAL_Driver\Src\stm32l0xx_hal_pwr_ex.c 0x00000000   Number         0  stm32l0xx_hal_pwr_ex.o ABSOLUTE
    ..\Drivers\STM32L0xx_HAL_Driver\Src\stm32l0xx_hal_rcc.c 0x00000000   Number         0  stm32l0xx_hal_rcc.o ABSOLUTE
    ..\Drivers\STM32L0xx_HAL_Driver\Src\stm32l0xx_hal_rcc_ex.c 0x00000000   Number         0  stm32l0xx_hal_rcc_ex.o ABSOLUTE
    ..\Drivers\STM32L0xx_HAL_Driver\Src\stm32l0xx_hal_tim.c 0x00000000   Number         0  stm32l0xx_hal_tim.o ABSOLUTE
    ..\Drivers\STM32L0xx_HAL_Driver\Src\stm32l0xx_hal_tim_ex.c 0x00000000   Number         0  stm32l0xx_hal_tim_ex.o ABSOLUTE
    ..\Drivers\STM32L0xx_HAL_Driver\Src\stm32l0xx_ll_dma.c 0x00000000   Number         0  stm32l0xx_ll_dma.o ABSOLUTE
    ..\Drivers\STM32L0xx_HAL_Driver\Src\stm32l0xx_ll_exti.c 0x00000000   Number         0  stm32l0xx_ll_exti.o ABSOLUTE
    ..\Drivers\STM32L0xx_HAL_Driver\Src\stm32l0xx_ll_gpio.c 0x00000000   Number         0  stm32l0xx_ll_gpio.o ABSOLUTE
    ..\Drivers\STM32L0xx_HAL_Driver\Src\stm32l0xx_ll_rcc.c 0x00000000   Number         0  stm32l0xx_ll_rcc.o ABSOLUTE
    ..\Drivers\STM32L0xx_HAL_Driver\Src\stm32l0xx_ll_spi.c 0x00000000   Number         0  stm32l0xx_ll_spi.o ABSOLUTE
    ..\Drivers\STM32L0xx_HAL_Driver\Src\stm32l0xx_ll_usart.c 0x00000000   Number         0  stm32l0xx_ll_usart.o ABSOLUTE
    ..\Drivers\STM32L0xx_HAL_Driver\Src\stm32l0xx_ll_utils.c 0x00000000   Number         0  stm32l0xx_ll_utils.o ABSOLUTE
    ..\\Core\\Src\\adxl362.c                 0x00000000   Number         0  adxl362.o ABSOLUTE
    ..\\Core\\Src\\cc1101.c                  0x00000000   Number         0  cc1101.o ABSOLUTE
    cdrcmple.s                               0x00000000   Number         0  cdrcmple.o ABSOLUTE
    dc.s                                     0x00000000   Number         0  dc.o ABSOLUTE
    handlers.s                               0x00000000   Number         0  handlers.o ABSOLUTE
    init.s                                   0x00000000   Number         0  init.o ABSOLUTE
    startup_stm32l052xx.s                    0x00000000   Number         0  startup_stm32l052xx.o ABSOLUTE
    RESET                                    0x08000000   Section      192  startup_stm32l052xx.o(RESET)
    .ARM.Collect$$$$00000000                 0x080000c0   Section        0  entry.o(.ARM.Collect$$$$00000000)
    .ARM.Collect$$$$00000001                 0x080000c0   Section        4  entry2.o(.ARM.Collect$$$$00000001)
    .ARM.Collect$$$$00000004                 0x080000c4   Section        4  entry5.o(.ARM.Collect$$$$00000004)
    .ARM.Collect$$$$00000008                 0x080000c8   Section        0  entry7b.o(.ARM.Collect$$$$00000008)
    .ARM.Collect$$$$0000000A                 0x080000c8   Section        0  entry8b.o(.ARM.Collect$$$$0000000A)
    .ARM.Collect$$$$0000000B                 0x080000c8   Section        8  entry9a.o(.ARM.Collect$$$$0000000B)
    .ARM.Collect$$$$0000000D                 0x080000d0   Section        0  entry10a.o(.ARM.Collect$$$$0000000D)
    .ARM.Collect$$$$0000000F                 0x080000d0   Section        0  entry11a.o(.ARM.Collect$$$$0000000F)
    .ARM.Collect$$$$00002712                 0x080000d0   Section        4  entry2.o(.ARM.Collect$$$$00002712)
    __lit__00000000                          0x080000d0   Data           4  entry2.o(.ARM.Collect$$$$00002712)
    .text                                    0x080000d4   Section       28  startup_stm32l052xx.o(.text)
    .text                                    0x080000f0   Section        0  uidiv.o(.text)
    .text                                    0x0800011c   Section        0  memseta.o(.text)
    .text                                    0x08000140   Section        0  uldiv.o(.text)
    .text                                    0x080001a0   Section       36  init.o(.text)
    .text                                    0x080001c4   Section        0  llshl.o(.text)
    .text                                    0x080001e4   Section        0  llushr.o(.text)
    i.ADXL362RegisterRead                    0x08000206   Section        0  adxl362.o(i.ADXL362RegisterRead)
    i.ADXL362RegisterWrite                   0x0800024a   Section        0  adxl362.o(i.ADXL362RegisterWrite)
    i.ADXL362_Init                           0x0800028c   Section        0  adxl362.o(i.ADXL362_Init)
    i.ADXL362_ReInit                         0x0800030e   Section        0  adxl362.o(i.ADXL362_ReInit)
    i.Activate_SPI                           0x08000398   Section        0  spi.o(i.Activate_SPI)
    i.Activate_USART2_RXIT                   0x080003b0   Section        0  usart.o(i.Activate_USART2_RXIT)
    i.CC1101CalcRSSI_dBm                     0x080003e8   Section        0  cc1101.o(i.CC1101CalcRSSI_dBm)
    i.CC1101ClrRXBuff                        0x08000410   Section        0  cc1101.o(i.CC1101ClrRXBuff)
    i.CC1101ClrTXBuff                        0x0800041e   Section        0  cc1101.o(i.CC1101ClrTXBuff)
    i.CC1101GetRXCnt                         0x0800042c   Section        0  cc1101.o(i.CC1101GetRXCnt)
    i.CC1101Init                             0x0800043c   Section        0  cc1101.o(i.CC1101Init)
    i.CC1101ReadMultiReg                     0x08000484   Section        0  cc1101.o(i.CC1101ReadMultiReg)
    i.CC1101ReadReg                          0x080004de   Section        0  cc1101.o(i.CC1101ReadReg)
    i.CC1101ReadStatus                       0x0800051e   Section        0  cc1101.o(i.CC1101ReadStatus)
    i.CC1101RecPacket                        0x0800055e   Section        0  cc1101.o(i.CC1101RecPacket)
    i.CC1101Reset                            0x080005ce   Section        0  cc1101.o(i.CC1101Reset)
    i.CC1101SendPacket                       0x0800062c   Section        0  cc1101.o(i.CC1101SendPacket)
    i.CC1101SetAddress                       0x08000714   Section        0  cc1101.o(i.CC1101SetAddress)
    i.CC1101SetIdle                          0x0800074e   Section        0  cc1101.o(i.CC1101SetIdle)
    i.CC1101SetSYNC                          0x08000758   Section        0  cc1101.o(i.CC1101SetSYNC)
    i.CC1101SetTRMode                        0x08000770   Section        0  cc1101.o(i.CC1101SetTRMode)
    i.CC1101SetWORMode                       0x080007ac   Section        0  cc1101.o(i.CC1101SetWORMode)
    i.CC1101WORInit                          0x080007cc   Section        0  cc1101.o(i.CC1101WORInit)
    i.CC1101WriteCmd                         0x080007f8   Section        0  cc1101.o(i.CC1101WriteCmd)
    i.CC1101WriteMultiReg                    0x0800082a   Section        0  cc1101.o(i.CC1101WriteMultiReg)
    i.CC1101WriteReg                         0x08000876   Section        0  cc1101.o(i.CC1101WriteReg)
    i.DATAEEPROM_Program                     0x080008b0   Section        0  main.o(i.DATAEEPROM_Program)
    i.DATAEEPROM_Read                        0x08000900   Section        0  main.o(i.DATAEEPROM_Read)
    i.EXTI4_15_IRQHandler                    0x08000908   Section        0  stm32l0xx_it.o(i.EXTI4_15_IRQHandler)
    i.Error_Callback                         0x08000958   Section        0  usart.o(i.Error_Callback)
    i.Error_Handler                          0x08000a60   Section        0  main.o(i.Error_Handler)
    i.FLASH_SetErrorCode                     0x08000a64   Section        0  stm32l0xx_hal_flash.o(i.FLASH_SetErrorCode)
    FLASH_SetErrorCode                       0x08000a65   Thumb Code   230  stm32l0xx_hal_flash.o(i.FLASH_SetErrorCode)
    i.FLASH_WaitForLastOperation             0x08000b54   Section        0  stm32l0xx_hal_flash.o(i.FLASH_WaitForLastOperation)
    i.Get_SerialNum                          0x08000bfc   Section        0  main.o(i.Get_SerialNum)
    i.HAL_Delay                              0x08000c28   Section        0  stm32l0xx_hal.o(i.HAL_Delay)
    i.HAL_FLASHEx_DATAEEPROM_DisableFixedTimeProgram 0x08000c4c   Section        0  stm32l0xx_hal_flash_ex.o(i.HAL_FLASHEx_DATAEEPROM_DisableFixedTimeProgram)
    i.HAL_FLASHEx_DATAEEPROM_EnableFixedTimeProgram 0x08000c60   Section        0  stm32l0xx_hal_flash_ex.o(i.HAL_FLASHEx_DATAEEPROM_EnableFixedTimeProgram)
    i.HAL_FLASHEx_DATAEEPROM_Erase           0x08000c74   Section        0  stm32l0xx_hal_flash_ex.o(i.HAL_FLASHEx_DATAEEPROM_Erase)
    i.HAL_FLASHEx_DATAEEPROM_Lock            0x08000ca0   Section        0  stm32l0xx_hal_flash_ex.o(i.HAL_FLASHEx_DATAEEPROM_Lock)
    i.HAL_FLASHEx_DATAEEPROM_Program         0x08000cb4   Section        0  stm32l0xx_hal_flash_ex.o(i.HAL_FLASHEx_DATAEEPROM_Program)
    i.HAL_FLASHEx_DATAEEPROM_Unlock          0x08000d20   Section        0  stm32l0xx_hal_flash_ex.o(i.HAL_FLASHEx_DATAEEPROM_Unlock)
    i.HAL_GPIO_ReadPin                       0x08000d6c   Section        0  stm32l0xx_hal_gpio.o(i.HAL_GPIO_ReadPin)
    i.HAL_GPIO_WritePin                      0x08000d7e   Section        0  stm32l0xx_hal_gpio.o(i.HAL_GPIO_WritePin)
    i.HAL_GetTick                            0x08000d8c   Section        0  stm32l0xx_hal.o(i.HAL_GetTick)
    i.HAL_IncTick                            0x08000d98   Section        0  stm32l0xx_hal.o(i.HAL_IncTick)
    i.HAL_Init                               0x08000da8   Section        0  stm32l0xx_hal.o(i.HAL_Init)
    i.HAL_InitTick                           0x08000dd4   Section        0  stm32l0xx_hal.o(i.HAL_InitTick)
    i.HAL_MspInit                            0x08000e08   Section        0  stm32l0xx_hal_msp.o(i.HAL_MspInit)
    i.HAL_NVIC_SetPriority                   0x08000e28   Section        0  stm32l0xx_hal_cortex.o(i.HAL_NVIC_SetPriority)
    i.HAL_RCCEx_PeriphCLKConfig              0x08000e3c   Section        0  stm32l0xx_hal_rcc_ex.o(i.HAL_RCCEx_PeriphCLKConfig)
    i.HAL_RCC_ClockConfig                    0x08001084   Section        0  stm32l0xx_hal_rcc.o(i.HAL_RCC_ClockConfig)
    i.HAL_RCC_GetSysClockFreq                0x0800128c   Section        0  stm32l0xx_hal_rcc.o(i.HAL_RCC_GetSysClockFreq)
    i.HAL_RCC_OscConfig                      0x0800135c   Section        0  stm32l0xx_hal_rcc.o(i.HAL_RCC_OscConfig)
    i.HAL_SYSTICK_Config                     0x08001a34   Section        0  stm32l0xx_hal_cortex.o(i.HAL_SYSTICK_Config)
    i.HardFault_Handler                      0x08001a6c   Section        0  stm32l0xx_it.o(i.HardFault_Handler)
    i.LL_EXTI_ClearFlag_0_31                 0x08001a70   Section        0  stm32l0xx_it.o(i.LL_EXTI_ClearFlag_0_31)
    LL_EXTI_ClearFlag_0_31                   0x08001a71   Thumb Code     6  stm32l0xx_it.o(i.LL_EXTI_ClearFlag_0_31)
    i.LL_EXTI_DisableEvent_0_31              0x08001a7c   Section        0  stm32l0xx_ll_exti.o(i.LL_EXTI_DisableEvent_0_31)
    LL_EXTI_DisableEvent_0_31                0x08001a7d   Thumb Code    12  stm32l0xx_ll_exti.o(i.LL_EXTI_DisableEvent_0_31)
    i.LL_EXTI_DisableIT_0_31                 0x08001a8c   Section        0  stm32l0xx_ll_exti.o(i.LL_EXTI_DisableIT_0_31)
    LL_EXTI_DisableIT_0_31                   0x08001a8d   Thumb Code    12  stm32l0xx_ll_exti.o(i.LL_EXTI_DisableIT_0_31)
    i.LL_EXTI_EnableEvent_0_31               0x08001a9c   Section        0  stm32l0xx_ll_exti.o(i.LL_EXTI_EnableEvent_0_31)
    LL_EXTI_EnableEvent_0_31                 0x08001a9d   Thumb Code    12  stm32l0xx_ll_exti.o(i.LL_EXTI_EnableEvent_0_31)
    i.LL_EXTI_EnableFallingTrig_0_31         0x08001aac   Section        0  stm32l0xx_ll_exti.o(i.LL_EXTI_EnableFallingTrig_0_31)
    LL_EXTI_EnableFallingTrig_0_31           0x08001aad   Thumb Code    12  stm32l0xx_ll_exti.o(i.LL_EXTI_EnableFallingTrig_0_31)
    i.LL_EXTI_EnableIT_0_31                  0x08001abc   Section        0  stm32l0xx_ll_exti.o(i.LL_EXTI_EnableIT_0_31)
    LL_EXTI_EnableIT_0_31                    0x08001abd   Thumb Code    12  stm32l0xx_ll_exti.o(i.LL_EXTI_EnableIT_0_31)
    i.LL_EXTI_EnableRisingTrig_0_31          0x08001acc   Section        0  stm32l0xx_ll_exti.o(i.LL_EXTI_EnableRisingTrig_0_31)
    LL_EXTI_EnableRisingTrig_0_31            0x08001acd   Thumb Code    12  stm32l0xx_ll_exti.o(i.LL_EXTI_EnableRisingTrig_0_31)
    i.LL_EXTI_Init                           0x08001adc   Section        0  stm32l0xx_ll_exti.o(i.LL_EXTI_Init)
    i.LL_EXTI_IsActiveFlag_0_31              0x08001b98   Section        0  stm32l0xx_it.o(i.LL_EXTI_IsActiveFlag_0_31)
    LL_EXTI_IsActiveFlag_0_31                0x08001b99   Thumb Code    20  stm32l0xx_it.o(i.LL_EXTI_IsActiveFlag_0_31)
    i.LL_GPIO_Init                           0x08001bb0   Section        0  stm32l0xx_ll_gpio.o(i.LL_GPIO_Init)
    i.LL_GPIO_SetOutputPin                   0x08001cae   Section        0  gpio.o(i.LL_GPIO_SetOutputPin)
    LL_GPIO_SetOutputPin                     0x08001caf   Thumb Code     4  gpio.o(i.LL_GPIO_SetOutputPin)
    i.LL_GPIO_SetPinMode                     0x08001cb2   Section        0  gpio.o(i.LL_GPIO_SetPinMode)
    LL_GPIO_SetPinMode                       0x08001cb3   Thumb Code    26  gpio.o(i.LL_GPIO_SetPinMode)
    i.LL_GPIO_SetPinPull                     0x08001ccc   Section        0  gpio.o(i.LL_GPIO_SetPinPull)
    LL_GPIO_SetPinPull                       0x08001ccd   Thumb Code    26  gpio.o(i.LL_GPIO_SetPinPull)
    i.LL_IOP_GRP1_EnableClock                0x08001ce8   Section        0  gpio.o(i.LL_IOP_GRP1_EnableClock)
    LL_IOP_GRP1_EnableClock                  0x08001ce9   Thumb Code    24  gpio.o(i.LL_IOP_GRP1_EnableClock)
    i.LL_IOP_GRP1_EnableClock                0x08001d04   Section        0  usart.o(i.LL_IOP_GRP1_EnableClock)
    LL_IOP_GRP1_EnableClock                  0x08001d05   Thumb Code    24  usart.o(i.LL_IOP_GRP1_EnableClock)
    i.LL_RCC_GetUSARTClockFreq               0x08001d20   Section        0  stm32l0xx_ll_rcc.o(i.LL_RCC_GetUSARTClockFreq)
    i.LL_RCC_GetUSARTClockSource             0x08001dfc   Section        0  stm32l0xx_ll_rcc.o(i.LL_RCC_GetUSARTClockSource)
    LL_RCC_GetUSARTClockSource               0x08001dfd   Thumb Code    14  stm32l0xx_ll_rcc.o(i.LL_RCC_GetUSARTClockSource)
    i.LL_RCC_HSI_IsReady                     0x08001e10   Section        0  stm32l0xx_ll_rcc.o(i.LL_RCC_HSI_IsReady)
    LL_RCC_HSI_IsReady                       0x08001e11   Thumb Code    12  stm32l0xx_ll_rcc.o(i.LL_RCC_HSI_IsReady)
    i.LL_RCC_IsActiveFlag_HSIDIV             0x08001e20   Section        0  stm32l0xx_ll_rcc.o(i.LL_RCC_IsActiveFlag_HSIDIV)
    LL_RCC_IsActiveFlag_HSIDIV               0x08001e21   Thumb Code    12  stm32l0xx_ll_rcc.o(i.LL_RCC_IsActiveFlag_HSIDIV)
    i.LL_RCC_LSE_IsReady                     0x08001e30   Section        0  stm32l0xx_ll_rcc.o(i.LL_RCC_LSE_IsReady)
    LL_RCC_LSE_IsReady                       0x08001e31   Thumb Code    14  stm32l0xx_ll_rcc.o(i.LL_RCC_LSE_IsReady)
    i.LL_RCC_MSI_GetRange                    0x08001e44   Section        0  stm32l0xx_ll_rcc.o(i.LL_RCC_MSI_GetRange)
    LL_RCC_MSI_GetRange                      0x08001e45   Thumb Code    12  stm32l0xx_ll_rcc.o(i.LL_RCC_MSI_GetRange)
    i.LL_SPI_Init                            0x08001e54   Section        0  stm32l0xx_ll_spi.o(i.LL_SPI_Init)
    i.LL_SYSCFG_SetEXTISource                0x08001ec8   Section        0  gpio.o(i.LL_SYSCFG_SetEXTISource)
    LL_SYSCFG_SetEXTISource                  0x08001ec9   Thumb Code    36  gpio.o(i.LL_SYSCFG_SetEXTISource)
    i.LL_USART_DeInit                        0x08001ef0   Section        0  stm32l0xx_ll_usart.o(i.LL_USART_DeInit)
    i.LL_USART_EnableIT_ERROR                0x08001f50   Section        0  usart.o(i.LL_USART_EnableIT_ERROR)
    LL_USART_EnableIT_ERROR                  0x08001f51   Thumb Code    10  usart.o(i.LL_USART_EnableIT_ERROR)
    i.LL_USART_EnableIT_RXNE                 0x08001f5a   Section        0  usart.o(i.LL_USART_EnableIT_RXNE)
    LL_USART_EnableIT_RXNE                   0x08001f5b   Thumb Code    10  usart.o(i.LL_USART_EnableIT_RXNE)
    i.LL_USART_Init                          0x08001f64   Section        0  stm32l0xx_ll_usart.o(i.LL_USART_Init)
    i.LL_USART_IsEnabled                     0x08002048   Section        0  stm32l0xx_ll_usart.o(i.LL_USART_IsEnabled)
    LL_USART_IsEnabled                       0x08002049   Thumb Code    16  stm32l0xx_ll_usart.o(i.LL_USART_IsEnabled)
    i.LL_USART_TransmitData8                 0x08002058   Section        0  usart.o(i.LL_USART_TransmitData8)
    LL_USART_TransmitData8                   0x08002059   Thumb Code     4  usart.o(i.LL_USART_TransmitData8)
    i.MX_GPIO_Init                           0x0800205c   Section        0  gpio.o(i.MX_GPIO_Init)
    i.MX_IWDG_Init                           0x080022a8   Section        0  iwdg.o(i.MX_IWDG_Init)
    i.MX_SPI1_Init                           0x08002300   Section        0  spi.o(i.MX_SPI1_Init)
    i.MX_USART2_UART_Init                    0x080023e8   Section        0  usart.o(i.MX_USART2_UART_Init)
    i.NMI_Handler                            0x080024d0   Section        0  stm32l0xx_it.o(i.NMI_Handler)
    i.NVIC_SetPriority                       0x080024d4   Section        0  gpio.o(i.NVIC_SetPriority)
    NVIC_SetPriority                         0x080024d5   Thumb Code   110  gpio.o(i.NVIC_SetPriority)
    i.NVIC_SetPriority                       0x0800254c   Section        0  usart.o(i.NVIC_SetPriority)
    NVIC_SetPriority                         0x0800254d   Thumb Code   110  usart.o(i.NVIC_SetPriority)
    i.NVIC_SetPriority                       0x080025c4   Section        0  stm32l0xx_hal_cortex.o(i.NVIC_SetPriority)
    NVIC_SetPriority                         0x080025c5   Thumb Code   110  stm32l0xx_hal_cortex.o(i.NVIC_SetPriority)
    i.PendSV_Handler                         0x0800263c   Section        0  stm32l0xx_it.o(i.PendSV_Handler)
    i.RCC_GetHCLKClockFreq                   0x08002640   Section        0  stm32l0xx_ll_rcc.o(i.RCC_GetHCLKClockFreq)
    i.RCC_GetPCLK1ClockFreq                  0x08002664   Section        0  stm32l0xx_ll_rcc.o(i.RCC_GetPCLK1ClockFreq)
    i.RCC_GetPCLK2ClockFreq                  0x08002688   Section        0  stm32l0xx_ll_rcc.o(i.RCC_GetPCLK2ClockFreq)
    i.RCC_GetSystemClockFreq                 0x080026ac   Section        0  stm32l0xx_ll_rcc.o(i.RCC_GetSystemClockFreq)
    i.RCC_PLL_GetFreqDomain_SYS              0x0800271c   Section        0  stm32l0xx_ll_rcc.o(i.RCC_PLL_GetFreqDomain_SYS)
    i.RFIDInitial                            0x08002788   Section        0  cc1101.o(i.RFIDInitial)
    i.RF_RecvHandler                         0x080027c4   Section        0  main.o(i.RF_RecvHandler)
    i.RF_SendPacket                          0x080029b4   Section        0  main.o(i.RF_SendPacket)
    i.SPI_ExchangeByte                       0x08002fb4   Section        0  spi.o(i.SPI_ExchangeByte)
    i.SVC_Handler                            0x08002ff4   Section        0  stm32l0xx_it.o(i.SVC_Handler)
    i.Set_DeviceInfo                         0x08002ff8   Section        0  main.o(i.Set_DeviceInfo)
    i.Show_Message                           0x08003114   Section        0  main.o(i.Show_Message)
    i.SpiFunction                            0x08003324   Section        0  spi.o(i.SpiFunction)
    i.SysTick_Handler                        0x08003356   Section        0  stm32l0xx_it.o(i.SysTick_Handler)
    i.SystemClock_Config                     0x08003360   Section        0  main.o(i.SystemClock_Config)
    i.SystemInit                             0x080033f4   Section        0  system_stm32l0xx.o(i.SystemInit)
    i.System_Initial                         0x0800345c   Section        0  main.o(i.System_Initial)
    i.USART2_IRQHandler                      0x08003590   Section        0  stm32l0xx_it.o(i.USART2_IRQHandler)
    i.USART_CharReception_Callback           0x080035c0   Section        0  usart.o(i.USART_CharReception_Callback)
    i.__0printf$5                            0x08003620   Section        0  printf5.o(i.__0printf$5)
    i.__ARM_common_switch8                   0x08003640   Section        0  main.o(i.__ARM_common_switch8)
    i.__scatterload_copy                     0x0800365c   Section       14  handlers.o(i.__scatterload_copy)
    i.__scatterload_null                     0x0800366a   Section        2  handlers.o(i.__scatterload_null)
    i.__scatterload_zeroinit                 0x0800366c   Section       14  handlers.o(i.__scatterload_zeroinit)
    i._printf_core                           0x0800367c   Section        0  printf5.o(i._printf_core)
    _printf_core                             0x0800367d   Thumb Code   688  printf5.o(i._printf_core)
    i.fputc                                  0x08003958   Section        0  usart.o(i.fputc)
    i.main                                   0x08003970   Section        0  main.o(i.main)
    .constdata                               0x080039d8   Section      101  cc1101.o(.constdata)
    CHANNEL_OFFSET_TAB                       0x080039d8   Data           7  cc1101.o(.constdata)
    CC1101InitData                           0x080039df   Data          94  cc1101.o(.constdata)
    .constdata                               0x08003a3d   Section       33  system_stm32l0xx.o(.constdata)
    .data                                    0x20000000   Section        8  cc1101.o(.data)
    .data                                    0x20000008   Section       27  main.o(.data)
    .data                                    0x20000023   Section        2  usart.o(.data)
    .data                                    0x20000025   Section        1  stm32l0xx_it.o(.data)
    .data                                    0x20000028   Section        4  stm32l0xx_hal.o(.data)
    .data                                    0x2000002c   Section        4  system_stm32l0xx.o(.data)
    .data                                    0x20000030   Section        4  stdout.o(.data)
    .bss                                     0x20000034   Section      183  main.o(.bss)
    .bss                                     0x200000eb   Section       14  usart.o(.bss)
    .bss                                     0x200000fc   Section       24  stm32l0xx_hal_flash.o(.bss)
    STACK                                    0x20000118   Section     1024  startup_stm32l052xx.o(STACK)

    Global Symbols

    Symbol Name                              Value     Ov Type        Size  Object(Section)

    BuildAttributes$$THM_ISAv3M$S$PE$A:L22$X:L11$S22$IEEE1$IW$USESV6$~STKCKD$USESV7$~SHL$OSPACE$ROPI$EBA8$MICROLIB$REQ8$PRES8$EABIv2 0x00000000   Number         0  anon$$obj.o ABSOLUTE
    __ARM_use_no_argv                        0x00000000   Number         0  main.o ABSOLUTE
    _printf_a                                0x00000000   Number         0  stubs.o ABSOLUTE
    _printf_c                                0x00000000   Number         0  stubs.o ABSOLUTE
    _printf_charcount                        0x00000000   Number         0  stubs.o ABSOLUTE
    _printf_d                                0x00000000   Number         0  stubs.o ABSOLUTE
    _printf_e                                0x00000000   Number         0  stubs.o ABSOLUTE
    _printf_f                                0x00000000   Number         0  stubs.o ABSOLUTE
    _printf_flags                            0x00000000   Number         0  stubs.o ABSOLUTE
    _printf_fp_dec                           0x00000000   Number         0  stubs.o ABSOLUTE
    _printf_fp_hex                           0x00000000   Number         0  stubs.o ABSOLUTE
    _printf_g                                0x00000000   Number         0  stubs.o ABSOLUTE
    _printf_i                                0x00000000   Number         0  stubs.o ABSOLUTE
    _printf_int_dec                          0x00000000   Number         0  stubs.o ABSOLUTE
    _printf_l                                0x00000000   Number         0  stubs.o ABSOLUTE
    _printf_lc                               0x00000000   Number         0  stubs.o ABSOLUTE
    _printf_ll                               0x00000000   Number         0  stubs.o ABSOLUTE
    _printf_lld                              0x00000000   Number         0  stubs.o ABSOLUTE
    _printf_lli                              0x00000000   Number         0  stubs.o ABSOLUTE
    _printf_llo                              0x00000000   Number         0  stubs.o ABSOLUTE
    _printf_llu                              0x00000000   Number         0  stubs.o ABSOLUTE
    _printf_llx                              0x00000000   Number         0  stubs.o ABSOLUTE
    _printf_longlong_dec                     0x00000000   Number         0  stubs.o ABSOLUTE
    _printf_longlong_hex                     0x00000000   Number         0  stubs.o ABSOLUTE
    _printf_longlong_oct                     0x00000000   Number         0  stubs.o ABSOLUTE
    _printf_ls                               0x00000000   Number         0  stubs.o ABSOLUTE
    _printf_mbtowc                           0x00000000   Number         0  stubs.o ABSOLUTE
    _printf_n                                0x00000000   Number         0  stubs.o ABSOLUTE
    _printf_o                                0x00000000   Number         0  stubs.o ABSOLUTE
    _printf_p                                0x00000000   Number         0  stubs.o ABSOLUTE
    _printf_percent                          0x00000000   Number         0  stubs.o ABSOLUTE
    _printf_pre_padding                      0x00000000   Number         0  stubs.o ABSOLUTE
    _printf_return_value                     0x00000000   Number         0  stubs.o ABSOLUTE
    _printf_s                                0x00000000   Number         0  stubs.o ABSOLUTE
    _printf_sizespec                         0x00000000   Number         0  stubs.o ABSOLUTE
    _printf_str                              0x00000000   Number         0  stubs.o ABSOLUTE
    _printf_truncate_signed                  0x00000000   Number         0  stubs.o ABSOLUTE
    _printf_truncate_unsigned                0x00000000   Number         0  stubs.o ABSOLUTE
    _printf_u                                0x00000000   Number         0  stubs.o ABSOLUTE
    _printf_wc                               0x00000000   Number         0  stubs.o ABSOLUTE
    _printf_wctomb                           0x00000000   Number         0  stubs.o ABSOLUTE
    _printf_widthprec                        0x00000000   Number         0  stubs.o ABSOLUTE
    _printf_x                                0x00000000   Number         0  stubs.o ABSOLUTE
    __cpp_initialize__aeabi_                  - Undefined Weak Reference
    __cxa_finalize                            - Undefined Weak Reference
    __decompress                              - Undefined Weak Reference
    _clock_init                               - Undefined Weak Reference
    _microlib_exit                            - Undefined Weak Reference
    __Vectors_Size                           0x000000c0   Number         0  startup_stm32l052xx.o ABSOLUTE
    __Vectors                                0x08000000   Data           4  startup_stm32l052xx.o(RESET)
    __Vectors_End                            0x080000c0   Data           0  startup_stm32l052xx.o(RESET)
    __main                                   0x080000c1   Thumb Code     0  entry.o(.ARM.Collect$$$$00000000)
    _main_stk                                0x080000c1   Thumb Code     0  entry2.o(.ARM.Collect$$$$00000001)
    _main_scatterload                        0x080000c5   Thumb Code     0  entry5.o(.ARM.Collect$$$$00000004)
    __main_after_scatterload                 0x080000c9   Thumb Code     0  entry5.o(.ARM.Collect$$$$00000004)
    _main_clock                              0x080000c9   Thumb Code     0  entry7b.o(.ARM.Collect$$$$00000008)
    _main_cpp_init                           0x080000c9   Thumb Code     0  entry8b.o(.ARM.Collect$$$$0000000A)
    _main_init                               0x080000c9   Thumb Code     0  entry9a.o(.ARM.Collect$$$$0000000B)
    __rt_final_cpp                           0x080000d1   Thumb Code     0  entry10a.o(.ARM.Collect$$$$0000000D)
    __rt_final_exit                          0x080000d1   Thumb Code     0  entry11a.o(.ARM.Collect$$$$0000000F)
    Reset_Handler                            0x080000d5   Thumb Code     8  startup_stm32l052xx.o(.text)
    ADC1_COMP_IRQHandler                     0x080000e7   Thumb Code     0  startup_stm32l052xx.o(.text)
    DMA1_Channel1_IRQHandler                 0x080000e7   Thumb Code     0  startup_stm32l052xx.o(.text)
    DMA1_Channel2_3_IRQHandler               0x080000e7   Thumb Code     0  startup_stm32l052xx.o(.text)
    DMA1_Channel4_5_6_7_IRQHandler           0x080000e7   Thumb Code     0  startup_stm32l052xx.o(.text)
    EXTI0_1_IRQHandler                       0x080000e7   Thumb Code     0  startup_stm32l052xx.o(.text)
    EXTI2_3_IRQHandler                       0x080000e7   Thumb Code     0  startup_stm32l052xx.o(.text)
    FLASH_IRQHandler                         0x080000e7   Thumb Code     0  startup_stm32l052xx.o(.text)
    I2C1_IRQHandler                          0x080000e7   Thumb Code     0  startup_stm32l052xx.o(.text)
    I2C2_IRQHandler                          0x080000e7   Thumb Code     0  startup_stm32l052xx.o(.text)
    LPTIM1_IRQHandler                        0x080000e7   Thumb Code     0  startup_stm32l052xx.o(.text)
    PVD_IRQHandler                           0x080000e7   Thumb Code     0  startup_stm32l052xx.o(.text)
    RCC_CRS_IRQHandler                       0x080000e7   Thumb Code     0  startup_stm32l052xx.o(.text)
    RNG_LPUART1_IRQHandler                   0x080000e7   Thumb Code     0  startup_stm32l052xx.o(.text)
    RTC_IRQHandler                           0x080000e7   Thumb Code     0  startup_stm32l052xx.o(.text)
    SPI1_IRQHandler                          0x080000e7   Thumb Code     0  startup_stm32l052xx.o(.text)
    SPI2_IRQHandler                          0x080000e7   Thumb Code     0  startup_stm32l052xx.o(.text)
    TIM21_IRQHandler                         0x080000e7   Thumb Code     0  startup_stm32l052xx.o(.text)
    TIM22_IRQHandler                         0x080000e7   Thumb Code     0  startup_stm32l052xx.o(.text)
    TIM2_IRQHandler                          0x080000e7   Thumb Code     0  startup_stm32l052xx.o(.text)
    TIM6_DAC_IRQHandler                      0x080000e7   Thumb Code     0  startup_stm32l052xx.o(.text)
    TSC_IRQHandler                           0x080000e7   Thumb Code     0  startup_stm32l052xx.o(.text)
    USART1_IRQHandler                        0x080000e7   Thumb Code     0  startup_stm32l052xx.o(.text)
    USB_IRQHandler                           0x080000e7   Thumb Code     0  startup_stm32l052xx.o(.text)
    WWDG_IRQHandler                          0x080000e7   Thumb Code     0  startup_stm32l052xx.o(.text)
    __aeabi_uidiv                            0x080000f1   Thumb Code     0  uidiv.o(.text)
    __aeabi_uidivmod                         0x080000f1   Thumb Code    44  uidiv.o(.text)
    __aeabi_memset                           0x0800011d   Thumb Code    14  memseta.o(.text)
    __aeabi_memset4                          0x0800011d   Thumb Code     0  memseta.o(.text)
    __aeabi_memset8                          0x0800011d   Thumb Code     0  memseta.o(.text)
    __aeabi_memclr                           0x0800012b   Thumb Code     4  memseta.o(.text)
    __aeabi_memclr4                          0x0800012b   Thumb Code     0  memseta.o(.text)
    __aeabi_memclr8                          0x0800012b   Thumb Code     0  memseta.o(.text)
    _memset$wrapper                          0x0800012f   Thumb Code    18  memseta.o(.text)
    __aeabi_uldivmod                         0x08000141   Thumb Code    96  uldiv.o(.text)
    __scatterload                            0x080001a1   Thumb Code    28  init.o(.text)
    __scatterload_rt2                        0x080001a1   Thumb Code     0  init.o(.text)
    __aeabi_llsl                             0x080001c5   Thumb Code    32  llshl.o(.text)
    _ll_shift_l                              0x080001c5   Thumb Code     0  llshl.o(.text)
    __aeabi_llsr                             0x080001e5   Thumb Code    34  llushr.o(.text)
    _ll_ushift_r                             0x080001e5   Thumb Code     0  llushr.o(.text)
    ADXL362RegisterRead                      0x08000207   Thumb Code    68  adxl362.o(i.ADXL362RegisterRead)
    ADXL362RegisterWrite                     0x0800024b   Thumb Code    66  adxl362.o(i.ADXL362RegisterWrite)
    ADXL362_Init                             0x0800028d   Thumb Code   130  adxl362.o(i.ADXL362_Init)
    ADXL362_ReInit                           0x0800030f   Thumb Code   138  adxl362.o(i.ADXL362_ReInit)
    Activate_SPI                             0x08000399   Thumb Code    18  spi.o(i.Activate_SPI)
    Activate_USART2_RXIT                     0x080003b1   Thumb Code    52  usart.o(i.Activate_USART2_RXIT)
    CC1101CalcRSSI_dBm                       0x080003e9   Thumb Code    40  cc1101.o(i.CC1101CalcRSSI_dBm)
    CC1101ClrRXBuff                          0x08000411   Thumb Code    14  cc1101.o(i.CC1101ClrRXBuff)
    CC1101ClrTXBuff                          0x0800041f   Thumb Code    14  cc1101.o(i.CC1101ClrTXBuff)
    CC1101GetRXCnt                           0x0800042d   Thumb Code    14  cc1101.o(i.CC1101GetRXCnt)
    CC1101Init                               0x0800043d   Thumb Code    64  cc1101.o(i.CC1101Init)
    CC1101ReadMultiReg                       0x08000485   Thumb Code    90  cc1101.o(i.CC1101ReadMultiReg)
    CC1101ReadReg                            0x080004df   Thumb Code    64  cc1101.o(i.CC1101ReadReg)
    CC1101ReadStatus                         0x0800051f   Thumb Code    64  cc1101.o(i.CC1101ReadStatus)
    CC1101RecPacket                          0x0800055f   Thumb Code   112  cc1101.o(i.CC1101RecPacket)
    CC1101Reset                              0x080005cf   Thumb Code    92  cc1101.o(i.CC1101Reset)
    CC1101SendPacket                         0x0800062d   Thumb Code   220  cc1101.o(i.CC1101SendPacket)
    CC1101SetAddress                         0x08000715   Thumb Code    58  cc1101.o(i.CC1101SetAddress)
    CC1101SetIdle                            0x0800074f   Thumb Code    10  cc1101.o(i.CC1101SetIdle)
    CC1101SetSYNC                            0x08000759   Thumb Code    24  cc1101.o(i.CC1101SetSYNC)
    CC1101SetTRMode                          0x08000771   Thumb Code    60  cc1101.o(i.CC1101SetTRMode)
    CC1101SetWORMode                         0x080007ad   Thumb Code    32  cc1101.o(i.CC1101SetWORMode)
    CC1101WORInit                            0x080007cd   Thumb Code    44  cc1101.o(i.CC1101WORInit)
    CC1101WriteCmd                           0x080007f9   Thumb Code    50  cc1101.o(i.CC1101WriteCmd)
    CC1101WriteMultiReg                      0x0800082b   Thumb Code    76  cc1101.o(i.CC1101WriteMultiReg)
    CC1101WriteReg                           0x08000877   Thumb Code    58  cc1101.o(i.CC1101WriteReg)
    DATAEEPROM_Program                       0x080008b1   Thumb Code    70  main.o(i.DATAEEPROM_Program)
    DATAEEPROM_Read                          0x08000901   Thumb Code     6  main.o(i.DATAEEPROM_Read)
    EXTI4_15_IRQHandler                      0x08000909   Thumb Code    68  stm32l0xx_it.o(i.EXTI4_15_IRQHandler)
    Error_Callback                           0x08000959   Thumb Code   250  usart.o(i.Error_Callback)
    Error_Handler                            0x08000a61   Thumb Code     2  main.o(i.Error_Handler)
    FLASH_WaitForLastOperation               0x08000b55   Thumb Code   162  stm32l0xx_hal_flash.o(i.FLASH_WaitForLastOperation)
    Get_SerialNum                            0x08000bfd   Thumb Code    26  main.o(i.Get_SerialNum)
    HAL_Delay                                0x08000c29   Thumb Code    34  stm32l0xx_hal.o(i.HAL_Delay)
    HAL_FLASHEx_DATAEEPROM_DisableFixedTimeProgram 0x08000c4d   Thumb Code    16  stm32l0xx_hal_flash_ex.o(i.HAL_FLASHEx_DATAEEPROM_DisableFixedTimeProgram)
    HAL_FLASHEx_DATAEEPROM_EnableFixedTimeProgram 0x08000c61   Thumb Code    16  stm32l0xx_hal_flash_ex.o(i.HAL_FLASHEx_DATAEEPROM_EnableFixedTimeProgram)
    HAL_FLASHEx_DATAEEPROM_Erase             0x08000c75   Thumb Code    36  stm32l0xx_hal_flash_ex.o(i.HAL_FLASHEx_DATAEEPROM_Erase)
    HAL_FLASHEx_DATAEEPROM_Lock              0x08000ca1   Thumb Code    16  stm32l0xx_hal_flash_ex.o(i.HAL_FLASHEx_DATAEEPROM_Lock)
    HAL_FLASHEx_DATAEEPROM_Program           0x08000cb5   Thumb Code   100  stm32l0xx_hal_flash_ex.o(i.HAL_FLASHEx_DATAEEPROM_Program)
    HAL_FLASHEx_DATAEEPROM_Unlock            0x08000d21   Thumb Code    62  stm32l0xx_hal_flash_ex.o(i.HAL_FLASHEx_DATAEEPROM_Unlock)
    HAL_GPIO_ReadPin                         0x08000d6d   Thumb Code    18  stm32l0xx_hal_gpio.o(i.HAL_GPIO_ReadPin)
    HAL_GPIO_WritePin                        0x08000d7f   Thumb Code    12  stm32l0xx_hal_gpio.o(i.HAL_GPIO_WritePin)
    HAL_GetTick                              0x08000d8d   Thumb Code     6  stm32l0xx_hal.o(i.HAL_GetTick)
    HAL_IncTick                              0x08000d99   Thumb Code    12  stm32l0xx_hal.o(i.HAL_IncTick)
    HAL_Init                                 0x08000da9   Thumb Code    38  stm32l0xx_hal.o(i.HAL_Init)
    HAL_InitTick                             0x08000dd5   Thumb Code    46  stm32l0xx_hal.o(i.HAL_InitTick)
    HAL_MspInit                              0x08000e09   Thumb Code    26  stm32l0xx_hal_msp.o(i.HAL_MspInit)
    HAL_NVIC_SetPriority                     0x08000e29   Thumb Code    18  stm32l0xx_hal_cortex.o(i.HAL_NVIC_SetPriority)
    HAL_RCCEx_PeriphCLKConfig                0x08000e3d   Thumb Code   572  stm32l0xx_hal_rcc_ex.o(i.HAL_RCCEx_PeriphCLKConfig)
    HAL_RCC_ClockConfig                      0x08001085   Thumb Code   498  stm32l0xx_hal_rcc.o(i.HAL_RCC_ClockConfig)
    HAL_RCC_GetSysClockFreq                  0x0800128d   Thumb Code   186  stm32l0xx_hal_rcc.o(i.HAL_RCC_GetSysClockFreq)
    HAL_RCC_OscConfig                        0x0800135d   Thumb Code  1734  stm32l0xx_hal_rcc.o(i.HAL_RCC_OscConfig)
    HAL_SYSTICK_Config                       0x08001a35   Thumb Code    46  stm32l0xx_hal_cortex.o(i.HAL_SYSTICK_Config)
    HardFault_Handler                        0x08001a6d   Thumb Code     4  stm32l0xx_it.o(i.HardFault_Handler)
    LL_EXTI_Init                             0x08001add   Thumb Code   184  stm32l0xx_ll_exti.o(i.LL_EXTI_Init)
    LL_GPIO_Init                             0x08001bb1   Thumb Code   254  stm32l0xx_ll_gpio.o(i.LL_GPIO_Init)
    LL_RCC_GetUSARTClockFreq                 0x08001d21   Thumb Code   210  stm32l0xx_ll_rcc.o(i.LL_RCC_GetUSARTClockFreq)
    LL_SPI_Init                              0x08001e55   Thumb Code   112  stm32l0xx_ll_spi.o(i.LL_SPI_Init)
    LL_USART_DeInit                          0x08001ef1   Thumb Code    84  stm32l0xx_ll_usart.o(i.LL_USART_DeInit)
    LL_USART_Init                            0x08001f65   Thumb Code   210  stm32l0xx_ll_usart.o(i.LL_USART_Init)
    MX_GPIO_Init                             0x0800205d   Thumb Code   576  gpio.o(i.MX_GPIO_Init)
    MX_IWDG_Init                             0x080022a9   Thumb Code    68  iwdg.o(i.MX_IWDG_Init)
    MX_SPI1_Init                             0x08002301   Thumb Code   218  spi.o(i.MX_SPI1_Init)
    MX_USART2_UART_Init                      0x080023e9   Thumb Code   218  usart.o(i.MX_USART2_UART_Init)
    NMI_Handler                              0x080024d1   Thumb Code     2  stm32l0xx_it.o(i.NMI_Handler)
    PendSV_Handler                           0x0800263d   Thumb Code     2  stm32l0xx_it.o(i.PendSV_Handler)
    RCC_GetHCLKClockFreq                     0x08002641   Thumb Code    26  stm32l0xx_ll_rcc.o(i.RCC_GetHCLKClockFreq)
    RCC_GetPCLK1ClockFreq                    0x08002665   Thumb Code    26  stm32l0xx_ll_rcc.o(i.RCC_GetPCLK1ClockFreq)
    RCC_GetPCLK2ClockFreq                    0x08002689   Thumb Code    26  stm32l0xx_ll_rcc.o(i.RCC_GetPCLK2ClockFreq)
    RCC_GetSystemClockFreq                   0x080026ad   Thumb Code    96  stm32l0xx_ll_rcc.o(i.RCC_GetSystemClockFreq)
    RCC_PLL_GetFreqDomain_SYS                0x0800271d   Thumb Code    86  stm32l0xx_ll_rcc.o(i.RCC_PLL_GetFreqDomain_SYS)
    RFIDInitial                              0x08002789   Thumb Code    58  cc1101.o(i.RFIDInitial)
    RF_RecvHandler                           0x080027c5   Thumb Code   296  main.o(i.RF_RecvHandler)
    RF_SendPacket                            0x080029b5   Thumb Code  1506  main.o(i.RF_SendPacket)
    SPI_ExchangeByte                         0x08002fb5   Thumb Code    58  spi.o(i.SPI_ExchangeByte)
    SVC_Handler                              0x08002ff5   Thumb Code     2  stm32l0xx_it.o(i.SVC_Handler)
    Set_DeviceInfo                           0x08002ff9   Thumb Code   196  main.o(i.Set_DeviceInfo)
    Show_Message                             0x08003115   Thumb Code   200  main.o(i.Show_Message)
    SpiFunction                              0x08003325   Thumb Code    50  spi.o(i.SpiFunction)
    SysTick_Handler                          0x08003357   Thumb Code     8  stm32l0xx_it.o(i.SysTick_Handler)
    SystemClock_Config                       0x08003361   Thumb Code   142  main.o(i.SystemClock_Config)
    SystemInit                               0x080033f5   Thumb Code    88  system_stm32l0xx.o(i.SystemInit)
    System_Initial                           0x0800345d   Thumb Code   216  main.o(i.System_Initial)
    USART2_IRQHandler                        0x08003591   Thumb Code    44  stm32l0xx_it.o(i.USART2_IRQHandler)
    USART_CharReception_Callback             0x080035c1   Thumb Code    78  usart.o(i.USART_CharReception_Callback)
    __0printf$5                              0x08003621   Thumb Code    24  printf5.o(i.__0printf$5)
    __1printf$5                              0x08003621   Thumb Code     0  printf5.o(i.__0printf$5)
    __2printf                                0x08003621   Thumb Code     0  printf5.o(i.__0printf$5)
    __ARM_common_switch8                     0x08003641   Thumb Code    28  main.o(i.__ARM_common_switch8)
    __scatterload_copy                       0x0800365d   Thumb Code    14  handlers.o(i.__scatterload_copy)
    __scatterload_null                       0x0800366b   Thumb Code     2  handlers.o(i.__scatterload_null)
    __scatterload_zeroinit                   0x0800366d   Thumb Code    14  handlers.o(i.__scatterload_zeroinit)
    fputc                                    0x08003959   Thumb Code    20  usart.o(i.fputc)
    main                                     0x08003971   Thumb Code    88  main.o(i.main)
    AHBPrescTable                            0x08003a3d   Data          16  system_stm32l0xx.o(.constdata)
    APBPrescTable                            0x08003a4d   Data           8  system_stm32l0xx.o(.constdata)
    PLLMulTable                              0x08003a55   Data           9  system_stm32l0xx.o(.constdata)
    Region$$Table$$Base                      0x08003a60   Number         0  anon$$obj.o(Region$$Table)
    Region$$Table$$Limit                     0x08003a80   Number         0  anon$$obj.o(Region$$Table)
    PaTabel                                  0x20000000   Data           8  cc1101.o(.data)
    Device_Serial0                           0x20000008   Data           4  main.o(.data)
    Device_Serial1                           0x2000000c   Data           4  main.o(.data)
    Device_Serial2                           0x20000010   Data           4  main.o(.data)
    addr_eeprom                              0x20000014   Data           1  main.o(.data)
    sync_eeprom                              0x20000016   Data           2  main.o(.data)
    rfid_eeprom                              0x20000018   Data           4  main.o(.data)
    rx_index                                 0x2000001c   Data           1  main.o(.data)
    Chip_Addr                                0x2000001d   Data           1  main.o(.data)
    RSSI                                     0x2000001e   Data           1  main.o(.data)
    step_stage                               0x2000001f   Data           1  main.o(.data)
    timedelay                                0x20000020   Data           2  main.o(.data)
    battery_low                              0x20000022   Data           1  main.o(.data)
    RxCounter                                0x20000023   Data           1  usart.o(.data)
    CommandState                             0x20000024   Data           1  usart.o(.data)
    TXFIFOUNFLOW                             0x20000025   Data           1  stm32l0xx_it.o(.data)
    uwTick                                   0x20000028   Data           4  stm32l0xx_hal.o(.data)
    SystemCoreClock                          0x2000002c   Data           4  system_stm32l0xx.o(.data)
    __stdout                                 0x20000030   Data           4  stdout.o(.data)
    step                                     0x20000034   Data          72  main.o(.bss)
    SendBuffer                               0x2000007c   Data          93  main.o(.bss)
    RecvBuffer                               0x200000d9   Data          18  main.o(.bss)
    RxBuffer                                 0x200000eb   Data          14  usart.o(.bss)
    pFlash                                   0x200000fc   Data          24  stm32l0xx_hal_flash.o(.bss)
    __initial_sp                             0x20000518   Data           0  startup_stm32l052xx.o(STACK)



==============================================================================

Memory Map of the image

  Image Entry point : 0x080000c1

  Load Region LR_IROM1 (Base: 0x08000000, Size: 0x00003ab4, Max: 0x00008000, ABSOLUTE)

    Execution Region ER_IROM1 (Exec base: 0x08000000, Load base: 0x08000000, Size: 0x00003a80, Max: 0x00008000, ABSOLUTE)

    Exec Addr    Load Addr    Size         Type   Attr      Idx    E Section Name        Object

    0x08000000   0x08000000   0x000000c0   Data   RO            3    RESET               startup_stm32l052xx.o
    0x080000c0   0x080000c0   0x00000000   Code   RO         2989  * .ARM.Collect$$$$00000000  mc_p.l(entry.o)
    0x080000c0   0x080000c0   0x00000004   Code   RO         3257    .ARM.Collect$$$$00000001  mc_p.l(entry2.o)
    0x080000c4   0x080000c4   0x00000004   Code   RO         3260    .ARM.Collect$$$$00000004  mc_p.l(entry5.o)
    0x080000c8   0x080000c8   0x00000000   Code   RO         3262    .ARM.Collect$$$$00000008  mc_p.l(entry7b.o)
    0x080000c8   0x080000c8   0x00000000   Code   RO         3264    .ARM.Collect$$$$0000000A  mc_p.l(entry8b.o)
    0x080000c8   0x080000c8   0x00000008   Code   RO         3265    .ARM.Collect$$$$0000000B  mc_p.l(entry9a.o)
    0x080000d0   0x080000d0   0x00000000   Code   RO         3267    .ARM.Collect$$$$0000000D  mc_p.l(entry10a.o)
    0x080000d0   0x080000d0   0x00000000   Code   RO         3269    .ARM.Collect$$$$0000000F  mc_p.l(entry11a.o)
    0x080000d0   0x080000d0   0x00000004   Code   RO         3258    .ARM.Collect$$$$00002712  mc_p.l(entry2.o)
    0x080000d4   0x080000d4   0x0000001c   Code   RO            4    .text               startup_stm32l052xx.o
    0x080000f0   0x080000f0   0x0000002c   Code   RO         2992    .text               mc_p.l(uidiv.o)
    0x0800011c   0x0800011c   0x00000024   Code   RO         2994    .text               mc_p.l(memseta.o)
    0x08000140   0x08000140   0x00000060   Code   RO         3272    .text               mc_p.l(uldiv.o)
    0x080001a0   0x080001a0   0x00000024   Code   RO         3285    .text               mc_p.l(init.o)
    0x080001c4   0x080001c4   0x00000020   Code   RO         3287    .text               mc_p.l(llshl.o)
    0x080001e4   0x080001e4   0x00000022   Code   RO         3289    .text               mc_p.l(llushr.o)
    0x08000206   0x08000206   0x00000044   Code   RO          305    i.ADXL362RegisterRead  adxl362.o
    0x0800024a   0x0800024a   0x00000042   Code   RO          306    i.ADXL362RegisterWrite  adxl362.o
    0x0800028c   0x0800028c   0x00000082   Code   RO          307    i.ADXL362_Init      adxl362.o
    0x0800030e   0x0800030e   0x0000008a   Code   RO          308    i.ADXL362_ReInit    adxl362.o
    0x08000398   0x08000398   0x00000018   Code   RO          546    i.Activate_SPI      spi.o
    0x080003b0   0x080003b0   0x00000038   Code   RO          592    i.Activate_USART2_RXIT  usart.o
    0x080003e8   0x080003e8   0x00000028   Code   RO           12    i.CC1101CalcRSSI_dBm  cc1101.o
    0x08000410   0x08000410   0x0000000e   Code   RO           13    i.CC1101ClrRXBuff   cc1101.o
    0x0800041e   0x0800041e   0x0000000e   Code   RO           14    i.CC1101ClrTXBuff   cc1101.o
    0x0800042c   0x0800042c   0x0000000e   Code   RO           15    i.CC1101GetRXCnt    cc1101.o
    0x0800043a   0x0800043a   0x00000002   PAD
    0x0800043c   0x0800043c   0x00000048   Code   RO           16    i.CC1101Init        cc1101.o
    0x08000484   0x08000484   0x0000005a   Code   RO           17    i.CC1101ReadMultiReg  cc1101.o
    0x080004de   0x080004de   0x00000040   Code   RO           19    i.CC1101ReadReg     cc1101.o
    0x0800051e   0x0800051e   0x00000040   Code   RO           20    i.CC1101ReadStatus  cc1101.o
    0x0800055e   0x0800055e   0x00000070   Code   RO           21    i.CC1101RecPacket   cc1101.o
    0x080005ce   0x080005ce   0x0000005c   Code   RO           22    i.CC1101Reset       cc1101.o
    0x0800062a   0x0800062a   0x00000002   PAD
    0x0800062c   0x0800062c   0x000000e8   Code   RO           23    i.CC1101SendPacket  cc1101.o
    0x08000714   0x08000714   0x0000003a   Code   RO           24    i.CC1101SetAddress  cc1101.o
    0x0800074e   0x0800074e   0x0000000a   Code   RO           25    i.CC1101SetIdle     cc1101.o
    0x08000758   0x08000758   0x00000018   Code   RO           26    i.CC1101SetSYNC     cc1101.o
    0x08000770   0x08000770   0x0000003c   Code   RO           27    i.CC1101SetTRMode   cc1101.o
    0x080007ac   0x080007ac   0x00000020   Code   RO           28    i.CC1101SetWORMode  cc1101.o
    0x080007cc   0x080007cc   0x0000002c   Code   RO           29    i.CC1101WORInit     cc1101.o
    0x080007f8   0x080007f8   0x00000032   Code   RO           30    i.CC1101WriteCmd    cc1101.o
    0x0800082a   0x0800082a   0x0000004c   Code   RO           31    i.CC1101WriteMultiReg  cc1101.o
    0x08000876   0x08000876   0x0000003a   Code   RO           32    i.CC1101WriteReg    cc1101.o
    0x080008b0   0x080008b0   0x00000050   Code   RO          363    i.DATAEEPROM_Program  main.o
    0x08000900   0x08000900   0x00000006   Code   RO          364    i.DATAEEPROM_Read   main.o
    0x08000906   0x08000906   0x00000002   PAD
    0x08000908   0x08000908   0x00000050   Code   RO          687    i.EXTI4_15_IRQHandler  stm32l0xx_it.o
    0x08000958   0x08000958   0x00000108   Code   RO          593    i.Error_Callback    usart.o
    0x08000a60   0x08000a60   0x00000002   Code   RO          365    i.Error_Handler     main.o
    0x08000a62   0x08000a62   0x00000002   PAD
    0x08000a64   0x08000a64   0x000000f0   Code   RO         1797    i.FLASH_SetErrorCode  stm32l0xx_hal_flash.o
    0x08000b54   0x08000b54   0x000000a8   Code   RO         1798    i.FLASH_WaitForLastOperation  stm32l0xx_hal_flash.o
    0x08000bfc   0x08000bfc   0x0000002c   Code   RO          366    i.Get_SerialNum     main.o
    0x08000c28   0x08000c28   0x00000022   Code   RO          846    i.HAL_Delay         stm32l0xx_hal.o
    0x08000c4a   0x08000c4a   0x00000002   PAD
    0x08000c4c   0x08000c4c   0x00000014   Code   RO         1907    i.HAL_FLASHEx_DATAEEPROM_DisableFixedTimeProgram  stm32l0xx_hal_flash_ex.o
    0x08000c60   0x08000c60   0x00000014   Code   RO         1908    i.HAL_FLASHEx_DATAEEPROM_EnableFixedTimeProgram  stm32l0xx_hal_flash_ex.o
    0x08000c74   0x08000c74   0x0000002c   Code   RO         1909    i.HAL_FLASHEx_DATAEEPROM_Erase  stm32l0xx_hal_flash_ex.o
    0x08000ca0   0x08000ca0   0x00000014   Code   RO         1910    i.HAL_FLASHEx_DATAEEPROM_Lock  stm32l0xx_hal_flash_ex.o
    0x08000cb4   0x08000cb4   0x0000006c   Code   RO         1911    i.HAL_FLASHEx_DATAEEPROM_Program  stm32l0xx_hal_flash_ex.o
    0x08000d20   0x08000d20   0x0000004c   Code   RO         1912    i.HAL_FLASHEx_DATAEEPROM_Unlock  stm32l0xx_hal_flash_ex.o
    0x08000d6c   0x08000d6c   0x00000012   Code   RO         2054    i.HAL_GPIO_ReadPin  stm32l0xx_hal_gpio.o
    0x08000d7e   0x08000d7e   0x0000000c   Code   RO         2056    i.HAL_GPIO_WritePin  stm32l0xx_hal_gpio.o
    0x08000d8a   0x08000d8a   0x00000002   PAD
    0x08000d8c   0x08000d8c   0x0000000c   Code   RO          850    i.HAL_GetTick       stm32l0xx_hal.o
    0x08000d98   0x08000d98   0x00000010   Code   RO          854    i.HAL_IncTick       stm32l0xx_hal.o
    0x08000da8   0x08000da8   0x0000002c   Code   RO          855    i.HAL_Init          stm32l0xx_hal.o
    0x08000dd4   0x08000dd4   0x00000034   Code   RO          856    i.HAL_InitTick      stm32l0xx_hal.o
    0x08000e08   0x08000e08   0x00000020   Code   RO          767    i.HAL_MspInit       stm32l0xx_hal_msp.o
    0x08000e28   0x08000e28   0x00000012   Code   RO         2383    i.HAL_NVIC_SetPriority  stm32l0xx_hal_cortex.o
    0x08000e3a   0x08000e3a   0x00000002   PAD
    0x08000e3c   0x08000e3c   0x00000248   Code   RO         1638    i.HAL_RCCEx_PeriphCLKConfig  stm32l0xx_hal_rcc_ex.o
    0x08001084   0x08001084   0x00000208   Code   RO         1529    i.HAL_RCC_ClockConfig  stm32l0xx_hal_rcc.o
    0x0800128c   0x0800128c   0x000000d0   Code   RO         1537    i.HAL_RCC_GetSysClockFreq  stm32l0xx_hal_rcc.o
    0x0800135c   0x0800135c   0x000006d8   Code   RO         1540    i.HAL_RCC_OscConfig  stm32l0xx_hal_rcc.o
    0x08001a34   0x08001a34   0x00000038   Code   RO         2387    i.HAL_SYSTICK_Config  stm32l0xx_hal_cortex.o
    0x08001a6c   0x08001a6c   0x00000004   Code   RO          688    i.HardFault_Handler  stm32l0xx_it.o
    0x08001a70   0x08001a70   0x0000000c   Code   RO          689    i.LL_EXTI_ClearFlag_0_31  stm32l0xx_it.o
    0x08001a7c   0x08001a7c   0x00000010   Code   RO         2707    i.LL_EXTI_DisableEvent_0_31  stm32l0xx_ll_exti.o
    0x08001a8c   0x08001a8c   0x00000010   Code   RO         2708    i.LL_EXTI_DisableIT_0_31  stm32l0xx_ll_exti.o
    0x08001a9c   0x08001a9c   0x00000010   Code   RO         2709    i.LL_EXTI_EnableEvent_0_31  stm32l0xx_ll_exti.o
    0x08001aac   0x08001aac   0x00000010   Code   RO         2710    i.LL_EXTI_EnableFallingTrig_0_31  stm32l0xx_ll_exti.o
    0x08001abc   0x08001abc   0x00000010   Code   RO         2711    i.LL_EXTI_EnableIT_0_31  stm32l0xx_ll_exti.o
    0x08001acc   0x08001acc   0x00000010   Code   RO         2712    i.LL_EXTI_EnableRisingTrig_0_31  stm32l0xx_ll_exti.o
    0x08001adc   0x08001adc   0x000000bc   Code   RO         2713    i.LL_EXTI_Init      stm32l0xx_ll_exti.o
    0x08001b98   0x08001b98   0x00000018   Code   RO          690    i.LL_EXTI_IsActiveFlag_0_31  stm32l0xx_it.o
    0x08001bb0   0x08001bb0   0x000000fe   Code   RO          790    i.LL_GPIO_Init      stm32l0xx_ll_gpio.o
    0x08001cae   0x08001cae   0x00000004   Code   RO          457    i.LL_GPIO_SetOutputPin  gpio.o
    0x08001cb2   0x08001cb2   0x0000001a   Code   RO          458    i.LL_GPIO_SetPinMode  gpio.o
    0x08001ccc   0x08001ccc   0x0000001a   Code   RO          459    i.LL_GPIO_SetPinPull  gpio.o
    0x08001ce6   0x08001ce6   0x00000002   PAD
    0x08001ce8   0x08001ce8   0x0000001c   Code   RO          460    i.LL_IOP_GRP1_EnableClock  gpio.o
    0x08001d04   0x08001d04   0x0000001c   Code   RO          594    i.LL_IOP_GRP1_EnableClock  usart.o
    0x08001d20   0x08001d20   0x000000dc   Code   RO         2491    i.LL_RCC_GetUSARTClockFreq  stm32l0xx_ll_rcc.o
    0x08001dfc   0x08001dfc   0x00000014   Code   RO         2492    i.LL_RCC_GetUSARTClockSource  stm32l0xx_ll_rcc.o
    0x08001e10   0x08001e10   0x00000010   Code   RO         2494    i.LL_RCC_HSI_IsReady  stm32l0xx_ll_rcc.o
    0x08001e20   0x08001e20   0x00000010   Code   RO         2495    i.LL_RCC_IsActiveFlag_HSIDIV  stm32l0xx_ll_rcc.o
    0x08001e30   0x08001e30   0x00000014   Code   RO         2496    i.LL_RCC_LSE_IsReady  stm32l0xx_ll_rcc.o
    0x08001e44   0x08001e44   0x00000010   Code   RO         2497    i.LL_RCC_MSI_GetRange  stm32l0xx_ll_rcc.o
    0x08001e54   0x08001e54   0x00000074   Code   RO         2776    i.LL_SPI_Init       stm32l0xx_ll_spi.o
    0x08001ec8   0x08001ec8   0x00000028   Code   RO          461    i.LL_SYSCFG_SetEXTISource  gpio.o
    0x08001ef0   0x08001ef0   0x00000060   Code   RO         2908    i.LL_USART_DeInit   stm32l0xx_ll_usart.o
    0x08001f50   0x08001f50   0x0000000a   Code   RO          595    i.LL_USART_EnableIT_ERROR  usart.o
    0x08001f5a   0x08001f5a   0x0000000a   Code   RO          596    i.LL_USART_EnableIT_RXNE  usart.o
    0x08001f64   0x08001f64   0x000000e4   Code   RO         2909    i.LL_USART_Init     stm32l0xx_ll_usart.o
    0x08002048   0x08002048   0x00000010   Code   RO         2910    i.LL_USART_IsEnabled  stm32l0xx_ll_usart.o
    0x08002058   0x08002058   0x00000004   Code   RO          597    i.LL_USART_TransmitData8  usart.o
    0x0800205c   0x0800205c   0x0000024c   Code   RO          462    i.MX_GPIO_Init      gpio.o
    0x080022a8   0x080022a8   0x00000058   Code   RO          521    i.MX_IWDG_Init      iwdg.o
    0x08002300   0x08002300   0x000000e8   Code   RO          547    i.MX_SPI1_Init      spi.o
    0x080023e8   0x080023e8   0x000000e8   Code   RO          599    i.MX_USART2_UART_Init  usart.o
    0x080024d0   0x080024d0   0x00000002   Code   RO          691    i.NMI_Handler       stm32l0xx_it.o
    0x080024d2   0x080024d2   0x00000002   PAD
    0x080024d4   0x080024d4   0x00000078   Code   RO          463    i.NVIC_SetPriority  gpio.o
    0x0800254c   0x0800254c   0x00000078   Code   RO          600    i.NVIC_SetPriority  usart.o
    0x080025c4   0x080025c4   0x00000078   Code   RO         2389    i.NVIC_SetPriority  stm32l0xx_hal_cortex.o
    0x0800263c   0x0800263c   0x00000002   Code   RO          692    i.PendSV_Handler    stm32l0xx_it.o
    0x0800263e   0x0800263e   0x00000002   PAD
    0x08002640   0x08002640   0x00000024   Code   RO         2499    i.RCC_GetHCLKClockFreq  stm32l0xx_ll_rcc.o
    0x08002664   0x08002664   0x00000024   Code   RO         2500    i.RCC_GetPCLK1ClockFreq  stm32l0xx_ll_rcc.o
    0x08002688   0x08002688   0x00000024   Code   RO         2501    i.RCC_GetPCLK2ClockFreq  stm32l0xx_ll_rcc.o
    0x080026ac   0x080026ac   0x00000070   Code   RO         2502    i.RCC_GetSystemClockFreq  stm32l0xx_ll_rcc.o
    0x0800271c   0x0800271c   0x0000006c   Code   RO         2503    i.RCC_PLL_GetFreqDomain_SYS  stm32l0xx_ll_rcc.o
    0x08002788   0x08002788   0x0000003a   Code   RO           33    i.RFIDInitial       cc1101.o
    0x080027c2   0x080027c2   0x00000002   PAD
    0x080027c4   0x080027c4   0x000001f0   Code   RO          367    i.RF_RecvHandler    main.o
    0x080029b4   0x080029b4   0x00000600   Code   RO          368    i.RF_SendPacket     main.o
    0x08002fb4   0x08002fb4   0x00000040   Code   RO          548    i.SPI_ExchangeByte  spi.o
    0x08002ff4   0x08002ff4   0x00000002   Code   RO          693    i.SVC_Handler       stm32l0xx_it.o
    0x08002ff6   0x08002ff6   0x00000002   PAD
    0x08002ff8   0x08002ff8   0x0000011c   Code   RO          369    i.Set_DeviceInfo    main.o
    0x08003114   0x08003114   0x00000210   Code   RO          370    i.Show_Message      main.o
    0x08003324   0x08003324   0x00000032   Code   RO          549    i.SpiFunction       spi.o
    0x08003356   0x08003356   0x00000008   Code   RO          694    i.SysTick_Handler   stm32l0xx_it.o
    0x0800335e   0x0800335e   0x00000002   PAD
    0x08003360   0x08003360   0x00000094   Code   RO          371    i.SystemClock_Config  main.o
    0x080033f4   0x080033f4   0x00000068   Code   RO         2959    i.SystemInit        system_stm32l0xx.o
    0x0800345c   0x0800345c   0x00000134   Code   RO          372    i.System_Initial    main.o
    0x08003590   0x08003590   0x00000030   Code   RO          695    i.USART2_IRQHandler  stm32l0xx_it.o
    0x080035c0   0x080035c0   0x00000060   Code   RO          602    i.USART_CharReception_Callback  usart.o
    0x08003620   0x08003620   0x00000020   Code   RO         3129    i.__0printf$5       mc_p.l(printf5.o)
    0x08003640   0x08003640   0x0000001c   Code   RO          443    i.__ARM_common_switch8  main.o
    0x0800365c   0x0800365c   0x0000000e   Code   RO         3299    i.__scatterload_copy  mc_p.l(handlers.o)
    0x0800366a   0x0800366a   0x00000002   Code   RO         3300    i.__scatterload_null  mc_p.l(handlers.o)
    0x0800366c   0x0800366c   0x0000000e   Code   RO         3301    i.__scatterload_zeroinit  mc_p.l(handlers.o)
    0x0800367a   0x0800367a   0x00000002   PAD
    0x0800367c   0x0800367c   0x000002dc   Code   RO         3136    i._printf_core      mc_p.l(printf5.o)
    0x08003958   0x08003958   0x00000018   Code   RO          603    i.fputc             usart.o
    0x08003970   0x08003970   0x00000068   Code   RO          373    i.main              main.o
    0x080039d8   0x080039d8   0x00000065   Data   RO           34    .constdata          cc1101.o
    0x08003a3d   0x08003a3d   0x00000021   Data   RO         2960    .constdata          system_stm32l0xx.o
    0x08003a5e   0x08003a5e   0x00000002   PAD
    0x08003a60   0x08003a60   0x00000020   Data   RO         3297    Region$$Table       anon$$obj.o


    Execution Region RW_IRAM1 (Exec base: 0x20000000, Load base: 0x08003a80, Size: 0x00000518, Max: 0x00002000, ABSOLUTE)

    Exec Addr    Load Addr    Size         Type   Attr      Idx    E Section Name        Object

    0x20000000   0x08003a80   0x00000008   Data   RW           35    .data               cc1101.o
    0x20000008   0x08003a88   0x0000001b   Data   RW          376    .data               main.o
    0x20000023   0x08003aa3   0x00000002   Data   RW          606    .data               usart.o
    0x20000025   0x08003aa5   0x00000001   Data   RW          697    .data               stm32l0xx_it.o
    0x20000026   0x08003aa6   0x00000002   PAD
    0x20000028   0x08003aa8   0x00000004   Data   RW          865    .data               stm32l0xx_hal.o
    0x2000002c   0x08003aac   0x00000004   Data   RW         2961    .data               system_stm32l0xx.o
    0x20000030   0x08003ab0   0x00000004   Data   RW         3271    .data               mc_p.l(stdout.o)
    0x20000034        -       0x000000b7   Zero   RW          374    .bss                main.o
    0x200000eb        -       0x0000000e   Zero   RW          604    .bss                usart.o
    0x200000f9   0x08003ab4   0x00000003   PAD
    0x200000fc        -       0x00000018   Zero   RW         1810    .bss                stm32l0xx_hal_flash.o
    0x20000114   0x08003ab4   0x00000004   PAD
    0x20000118        -       0x00000400   Zero   RW            1    STACK               startup_stm32l052xx.o


==============================================================================

Image component sizes


      Code (inc. data)   RO Data    RW Data    ZI Data      Debug   Object Name

       402          0          0          0          0       2641   adxl362.o
      1278         20        101          8          0     343517   cc1101.o
       832         30          0          0          0      19799   gpio.o
        88         20          0          0          0       2743   iwdg.o
      3564        840          0         27        183      10636   main.o
       370         26          0          0          0      16843   spi.o
        28          8        192          0       1024        628   startup_stm32l052xx.o
       158         22          0          4          0       3735   stm32l0xx_hal.o
       194         20          0          0          0      10056   stm32l0xx_hal_cortex.o
       408         16          0          0         24       3090   stm32l0xx_hal_flash.o
       288         42          0          0          0       4019   stm32l0xx_hal_flash_ex.o
        30          0          0          0          0       1951   stm32l0xx_hal_gpio.o
        32          6          0          0          0        438   stm32l0xx_hal_msp.o
      2480         78          0          0          0       4500   stm32l0xx_hal_rcc.o
       584         12          0          0          0       1484   stm32l0xx_hal_rcc_ex.o
       182         26          0          1          0      25004   stm32l0xx_it.o
       284         28          0          0          0       7451   stm32l0xx_ll_exti.o
       254          0          0          0          0       7131   stm32l0xx_ll_gpio.o
       636        102          0          0          0      20923   stm32l0xx_ll_rcc.o
       116          4          0          0          0      18178   stm32l0xx_ll_spi.o
       340         30          0          0          0      22578   stm32l0xx_ll_usart.o
       104         16         33          4          0       1223   system_stm32l0xx.o
       844         68          0          2         14      36055   usart.o

    ----------------------------------------------------------------------
     13522       1414        360         48       1252     564623   Object Totals
         0          0         32          0          0          0   (incl. Generated)
        26          0          2          2          7          0   (incl. Padding)

    ----------------------------------------------------------------------

      Code (inc. data)   RO Data    RW Data    ZI Data      Debug   Library Member Name

         0          0          0          0          0          0   entry.o
         0          0          0          0          0          0   entry10a.o
         0          0          0          0          0          0   entry11a.o
         8          4          0          0          0          0   entry2.o
         4          0          0          0          0          0   entry5.o
         0          0          0          0          0          0   entry7b.o
         0          0          0          0          0          0   entry8b.o
         8          4          0          0          0          0   entry9a.o
        30          0          0          0          0          0   handlers.o
        36          8          0          0          0         68   init.o
        32          0          0          0          0         68   llshl.o
        34          0          0          0          0         68   llushr.o
        36          0          0          0          0        100   memseta.o
       764         52          0          0          0        168   printf5.o
         0          0          0          4          0          0   stdout.o
        44          0          0          0          0         72   uidiv.o
        96          0          0          0          0         84   uldiv.o

    ----------------------------------------------------------------------
      1094         68          0          4          0        628   Library Totals
         2          0          0          0          0          0   (incl. Padding)

    ----------------------------------------------------------------------

      Code (inc. data)   RO Data    RW Data    ZI Data      Debug   Library Name

      1092         68          0          4          0        628   mc_p.l

    ----------------------------------------------------------------------
      1094         68          0          4          0        628   Library Totals

    ----------------------------------------------------------------------

==============================================================================


      Code (inc. data)   RO Data    RW Data    ZI Data      Debug   

     14616       1482        360         52       1252     560255   Grand Totals
     14616       1482        360         52       1252     560255   ELF Image Totals
     14616       1482        360         52          0          0   ROM Totals

==============================================================================

    Total RO  Size (Code + RO Data)                14976 (  14.63kB)
    Total RW  Size (RW Data + ZI Data)              1304 (   1.27kB)
    Total ROM Size (Code + RO Data + RW Data)      15028 (  14.68kB)

==============================================================================

